#
# There is insufficient memory for the Java Runtime Environment to continue.
# Native memory allocation (malloc) failed to allocate 412336 bytes. Error detail: Chunk::new
# Possible reasons:
#   The system is out of physical RAM or swap space
#   This process is running with CompressedOops enabled, and the Java Heap may be blocking the growth of the native heap
# Possible solutions:
#   Reduce memory load on the system
#   Increase physical memory or swap space
#   Check if swap backing store is full
#   Decrease Java heap size (-Xmx/-Xms)
#   Decrease number of Java threads
#   Decrease Java thread stack sizes (-Xss)
#   Set larger code cache with -XX:ReservedCodeCacheSize=
#   JVM is running with Unscaled Compressed Oops mode in which the Java heap is
#     placed in the first 4GB address space. The Java Heap base address is the
#     maximum limit for the native heap growth. Please use -XX:HeapBaseMinAddress
#     to set the Java Heap base and to place the Java Heap above 4GB virtual address.
# This output file may be truncated or incomplete.
#
#  Out of Memory Error (arena.cpp:168), pid=17924, tid=19864
#
# JRE version: OpenJDK Runtime Environment (21.0.7) (build 21.0.7+-13880790-b1038.58)
# Java VM: OpenJDK 64-Bit Server VM (21.0.7+-13880790-b1038.58, mixed mode, tiered, compressed oops, compressed class ptrs, g1 gc, windows-amd64)
# No core dump will be written. Minidumps are not enabled by default on client versions of Windows
#

---------------  S U M M A R Y ------------

Command Line: --add-opens=java.base/java.lang=ALL-UNNAMED --add-opens=java.base/java.lang.invoke=ALL-UNNAMED --add-opens=java.base/java.util=ALL-UNNAMED --add-opens=java.prefs/java.util.prefs=ALL-UNNAMED --add-exports=jdk.compiler/com.sun.tools.javac.api=ALL-UNNAMED --add-exports=jdk.compiler/com.sun.tools.javac.util=ALL-UNNAMED --add-opens=java.base/java.util=ALL-UNNAMED --add-opens=java.prefs/java.util.prefs=ALL-UNNAMED --add-opens=java.base/java.nio.charset=ALL-UNNAMED --add-opens=java.base/java.net=ALL-UNNAMED --add-opens=java.base/java.util.concurrent.atomic=ALL-UNNAMED --add-opens=java.xml/javax.xml.namespace=ALL-UNNAMED -Xmx2048m -Dfile.encoding=UTF-8 -Duser.country=US -Duser.language=en -Duser.variant -javaagent:C:\Users\lucas\.gradle\wrapper\dists\gradle-8.13-bin\5xuhj0ry160q40clulazy9h7d\gradle-8.13\lib\agents\gradle-instrumentation-agent-8.13.jar org.gradle.launcher.daemon.bootstrap.GradleDaemon 8.13

Host: AMD Ryzen 5 PRO 4650U with Radeon Graphics, 12 cores, 15G,  Windows 11 , 64 bit Build 26100 (10.0.26100.8246)
Time: Thu Apr 30 19:27:21 2026 GTB Daylight Time elapsed time: 5.829418 seconds (0d 0h 0m 5s)

---------------  T H R E A D  ---------------

Current thread (0x00000223e47b8e90):  JavaThread "C2 CompilerThread0" daemon [_thread_in_native, id=19864, stack(0x000000f8b0a00000,0x000000f8b0b00000) (1024K)]


Current CompileTask:
C2:5829 2399       4       org.gradle.internal.logging.text.AbstractLineChoppingStyledTextOutput::doAppend (43 bytes)

Stack: [0x000000f8b0a00000,0x000000f8b0b00000]
Native frames: (J=compiled Java code, j=interpreted, Vv=VM code, C=native code)
V  [jvm.dll+0x6d25c9]
V  [jvm.dll+0x860923]
V  [jvm.dll+0x862e7e]
V  [jvm.dll+0x863563]
V  [jvm.dll+0x27f156]
V  [jvm.dll+0xc002d]
V  [jvm.dll+0xc0563]
V  [jvm.dll+0x3b6d01]
V  [jvm.dll+0x382c27]
V  [jvm.dll+0x38209a]
V  [jvm.dll+0x247e72]
V  [jvm.dll+0x247441]
V  [jvm.dll+0x1c5fb4]
V  [jvm.dll+0x256bac]
V  [jvm.dll+0x2550f6]
V  [jvm.dll+0x3f1d16]
V  [jvm.dll+0x808d08]
V  [jvm.dll+0x6d0e1d]
C  [ucrtbase.dll+0x37b0]
C  [KERNEL32.DLL+0x2e8d7]
C  [ntdll.dll+0x8c3fc]


---------------  P R O C E S S  ---------------

Threads class SMR info:
_java_thread_list=0x00000223e9f6f440, length=21, elements={
0x00000223ccb2bc70, 0x00000223e476f880, 0x00000223e4770f00, 0x00000223e47722f0,
0x00000223e4773c70, 0x00000223e47a3010, 0x00000223e47a41f0, 0x00000223e47a4860,
0x00000223e47b8e90, 0x00000223e47c2a60, 0x00000223e9041880, 0x00000223e9e7a620,
0x00000223eaa2ed50, 0x00000223e47e2150, 0x00000223eaa01740, 0x00000223eabc3f70,
0x00000223eac4f620, 0x00000223eabe5af0, 0x00000223eab4f150, 0x00000223eab4c9f0,
0x00000223eab4e430
}

Java Threads: ( => current thread )
  0x00000223ccb2bc70 JavaThread "main"                              [_thread_blocked, id=6612, stack(0x000000f8afb00000,0x000000f8afc00000) (1024K)]
  0x00000223e476f880 JavaThread "Common-Cleaner"             daemon [_thread_blocked, id=22016, stack(0x000000f8b0300000,0x000000f8b0400000) (1024K)]
  0x00000223e4770f00 JavaThread "Reference Handler"          daemon [_thread_blocked, id=15560, stack(0x000000f8b0400000,0x000000f8b0500000) (1024K)]
  0x00000223e47722f0 JavaThread "Finalizer"                  daemon [_thread_blocked, id=23512, stack(0x000000f8b0500000,0x000000f8b0600000) (1024K)]
  0x00000223e4773c70 JavaThread "Signal Dispatcher"          daemon [_thread_blocked, id=14412, stack(0x000000f8b0600000,0x000000f8b0700000) (1024K)]
  0x00000223e47a3010 JavaThread "Attach Listener"            daemon [_thread_blocked, id=23020, stack(0x000000f8b0700000,0x000000f8b0800000) (1024K)]
  0x00000223e47a41f0 JavaThread "Service Thread"             daemon [_thread_blocked, id=15432, stack(0x000000f8b0800000,0x000000f8b0900000) (1024K)]
  0x00000223e47a4860 JavaThread "Monitor Deflation Thread"   daemon [_thread_blocked, id=12312, stack(0x000000f8b0900000,0x000000f8b0a00000) (1024K)]
=>0x00000223e47b8e90 JavaThread "C2 CompilerThread0"         daemon [_thread_in_native, id=19864, stack(0x000000f8b0a00000,0x000000f8b0b00000) (1024K)]
  0x00000223e47c2a60 JavaThread "C1 CompilerThread0"         daemon [_thread_blocked, id=24312, stack(0x000000f8b0b00000,0x000000f8b0c00000) (1024K)]
  0x00000223e9041880 JavaThread "Notification Thread"        daemon [_thread_blocked, id=26268, stack(0x000000f8b0c00000,0x000000f8b0d00000) (1024K)]
  0x00000223e9e7a620 JavaThread "Daemon health stats"               [_thread_blocked, id=6968, stack(0x000000f8b1600000,0x000000f8b1700000) (1024K)]
  0x00000223eaa2ed50 JavaThread "Incoming local TCP Connector on port 50861"        [_thread_in_native, id=23904, stack(0x000000f8b1700000,0x000000f8b1800000) (1024K)]
  0x00000223e47e2150 JavaThread "Daemon periodic checks"            [_thread_blocked, id=25728, stack(0x000000f8b1800000,0x000000f8b1900000) (1024K)]
  0x00000223eaa01740 JavaThread "Daemon"                            [_thread_blocked, id=20524, stack(0x000000f8b1900000,0x000000f8b1a00000) (1024K)]
  0x00000223eabc3f70 JavaThread "Handler for socket connection from /127.0.0.1:50861 to /127.0.0.1:50862"        [_thread_in_native, id=5908, stack(0x000000f8b1a00000,0x000000f8b1b00000) (1024K)]
  0x00000223eac4f620 JavaThread "Cancel handler"                    [_thread_blocked, id=20432, stack(0x000000f8b1b00000,0x000000f8b1c00000) (1024K)]
  0x00000223eabe5af0 JavaThread "Daemon worker"                     [_thread_in_vm, id=14448, stack(0x000000f8b1c00000,0x000000f8b1d00000) (1024K)]
  0x00000223eab4f150 JavaThread "Asynchronous log dispatcher for DefaultDaemonConnection: socket connection from /127.0.0.1:50861 to /127.0.0.1:50862"        [_thread_blocked, id=13288, stack(0x000000f8b1d00000,0x000000f8b1e00000) (1024K)]
  0x00000223eab4c9f0 JavaThread "Stdin handler"                     [_thread_blocked, id=19300, stack(0x000000f8b1e00000,0x000000f8b1f00000) (1024K)]
  0x00000223eab4e430 JavaThread "Daemon client event forwarder"        [_thread_blocked, id=1264, stack(0x000000f8b1f00000,0x000000f8b2000000) (1024K)]
Total: 21

Other Threads:
  0x00000223e46fcf90 VMThread "VM Thread"                           [id=3312, stack(0x000000f8b0200000,0x000000f8b0300000) (1024K)]
  0x00000223e460ea20 WatcherThread "VM Periodic Task Thread"        [id=24736, stack(0x000000f8b0100000,0x000000f8b0200000) (1024K)]
  0x00000223ccb84330 WorkerThread "GC Thread#0"                     [id=11200, stack(0x000000f8afc00000,0x000000f8afd00000) (1024K)]
  0x00000223e9695730 WorkerThread "GC Thread#1"                     [id=8876, stack(0x000000f8b0f00000,0x000000f8b1000000) (1024K)]
  0x00000223e9695ad0 WorkerThread "GC Thread#2"                     [id=944, stack(0x000000f8b1000000,0x000000f8b1100000) (1024K)]
  0x00000223e9862a80 WorkerThread "GC Thread#3"                     [id=25804, stack(0x000000f8b1100000,0x000000f8b1200000) (1024K)]
  0x00000223e95e65f0 WorkerThread "GC Thread#4"                     [id=3656, stack(0x000000f8b1200000,0x000000f8b1300000) (1024K)]
  0x00000223eaa80330 WorkerThread "GC Thread#5"                     [id=10452, stack(0x000000f8b0e00000,0x000000f8b0f00000) (1024K)]
  0x00000223eaa806d0 WorkerThread "GC Thread#6"                     [id=21560, stack(0x000000f8b1300000,0x000000f8b1400000) (1024K)]
  0x00000223eaa80a70 WorkerThread "GC Thread#7"                     [id=16824, stack(0x000000f8b1400000,0x000000f8b1500000) (1024K)]
  0x00000223eaa81d50 WorkerThread "GC Thread#8"                     [id=8144, stack(0x000000f8b1500000,0x000000f8b1600000) (1024K)]
  0x00000223ccb95380 ConcurrentGCThread "G1 Main Marker"            [id=8620, stack(0x000000f8afd00000,0x000000f8afe00000) (1024K)]
  0x00000223ccb97920 WorkerThread "G1 Conc#0"                       [id=17652, stack(0x000000f8afe00000,0x000000f8aff00000) (1024K)]
  0x00000223e4561850 ConcurrentGCThread "G1 Refine#0"               [id=26616, stack(0x000000f8aff00000,0x000000f8b0000000) (1024K)]
  0x00000223e4561d80 ConcurrentGCThread "G1 Service"                [id=24876, stack(0x000000f8b0000000,0x000000f8b0100000) (1024K)]
Total: 15

Threads with active compile tasks:
C2 CompilerThread0  5845 2399       4       org.gradle.internal.logging.text.AbstractLineChoppingStyledTextOutput::doAppend (43 bytes)
Total: 1

VM state: not at safepoint (normal execution)

VM Mutex/Monitor currently owned by a thread: None

Heap address: 0x0000000080000000, size: 2048 MB, Compressed Oops mode: 32-bit

CDS archive(s) not mapped
Compressed class space mapped at: 0x0000000100000000-0x0000000140000000, reserved size: 1073741824
Narrow klass base: 0x0000000000000000, Narrow klass shift: 3, Narrow klass range: 0x140000000

GC Precious Log:
 CardTable entry size: 512
 Card Set container configuration: InlinePtr #cards 5 size 8 Array Of Cards #cards 12 size 40 Howl #buckets 4 coarsen threshold 1843 Howl Bitmap #cards 512 size 80 coarsen threshold 460 Card regions per heap region 1 cards per card region 2048
 CPUs: 12 total, 12 available
 Memory: 15591M
 Large Page Support: Disabled
 NUMA Support: Disabled
 Compressed Oops: Enabled (32-bit)
 Heap Region Size: 1M
 Heap Min Capacity: 8M
 Heap Initial Capacity: 244M
 Heap Max Capacity: 2G
 Pre-touch: Disabled
 Parallel Workers: 10
 Concurrent Workers: 3
 Concurrent Refinement Workers: 10
 Periodic GC: Disabled

Heap:
 garbage-first heap   total 249856K, used 37145K [0x0000000080000000, 0x0000000100000000)
  region size 1024K, 26 young (26624K), 6 survivors (6144K)
 Metaspace       used 20882K, committed 21184K, reserved 1114112K
  class space    used 2430K, committed 2560K, reserved 1048576K

Heap Regions: E=young(eden), S=young(survivor), O=old, HS=humongous(starts), HC=humongous(continues), CS=collection set, F=free, TAMS=top-at-mark-start, PB=parsable bottom
|   0|0x0000000080000000, 0x0000000080100000, 0x0000000080100000|100%|HS|  |TAMS 0x0000000080000000| PB 0x0000000080000000| Complete 
|   1|0x0000000080100000, 0x0000000080200000, 0x0000000080200000|100%|HC|  |TAMS 0x0000000080100000| PB 0x0000000080100000| Complete 
|   2|0x0000000080200000, 0x0000000080300000, 0x0000000080300000|100%|HC|  |TAMS 0x0000000080200000| PB 0x0000000080200000| Complete 
|   3|0x0000000080300000, 0x0000000080400000, 0x0000000080400000|100%| O|  |TAMS 0x0000000080300000| PB 0x0000000080300000| Untracked 
|   4|0x0000000080400000, 0x0000000080500000, 0x0000000080500000|100%| O|  |TAMS 0x0000000080400000| PB 0x0000000080400000| Untracked 
|   5|0x0000000080500000, 0x0000000080600000, 0x0000000080600000|100%| O|  |TAMS 0x0000000080500000| PB 0x0000000080500000| Untracked 
|   6|0x0000000080600000, 0x0000000080700000, 0x0000000080700000|100%|HS|  |TAMS 0x0000000080600000| PB 0x0000000080600000| Complete 
|   7|0x0000000080700000, 0x0000000080700000, 0x0000000080800000|  0%| F|  |TAMS 0x0000000080700000| PB 0x0000000080700000| Untracked 
|   8|0x0000000080800000, 0x0000000080900000, 0x0000000080900000|100%| O|  |TAMS 0x0000000080800000| PB 0x0000000080800000| Untracked 
|   9|0x0000000080900000, 0x0000000080a00000, 0x0000000080a00000|100%| O|  |TAMS 0x0000000080900000| PB 0x0000000080900000| Untracked 
|  10|0x0000000080a00000, 0x0000000080b00000, 0x0000000080b00000|100%| O|  |TAMS 0x0000000080a00000| PB 0x0000000080a00000| Untracked 
|  11|0x0000000080b00000, 0x0000000080c00000, 0x0000000080c00000|100%| O|  |TAMS 0x0000000080b00000| PB 0x0000000080b00000| Untracked 
|  12|0x0000000080c00000, 0x0000000080c6e900, 0x0000000080d00000| 43%| O|  |TAMS 0x0000000080c00000| PB 0x0000000080c00000| Untracked 
|  13|0x0000000080d00000, 0x0000000080d00000, 0x0000000080e00000|  0%| F|  |TAMS 0x0000000080d00000| PB 0x0000000080d00000| Untracked 
|  14|0x0000000080e00000, 0x0000000080e00000, 0x0000000080f00000|  0%| F|  |TAMS 0x0000000080e00000| PB 0x0000000080e00000| Untracked 
|  15|0x0000000080f00000, 0x0000000080f00000, 0x0000000081000000|  0%| F|  |TAMS 0x0000000080f00000| PB 0x0000000080f00000| Untracked 
|  16|0x0000000081000000, 0x0000000081000000, 0x0000000081100000|  0%| F|  |TAMS 0x0000000081000000| PB 0x0000000081000000| Untracked 
|  17|0x0000000081100000, 0x0000000081100000, 0x0000000081200000|  0%| F|  |TAMS 0x0000000081100000| PB 0x0000000081100000| Untracked 
|  18|0x0000000081200000, 0x0000000081200000, 0x0000000081300000|  0%| F|  |TAMS 0x0000000081200000| PB 0x0000000081200000| Untracked 
|  19|0x0000000081300000, 0x0000000081300000, 0x0000000081400000|  0%| F|  |TAMS 0x0000000081300000| PB 0x0000000081300000| Untracked 
|  20|0x0000000081400000, 0x0000000081400000, 0x0000000081500000|  0%| F|  |TAMS 0x0000000081400000| PB 0x0000000081400000| Untracked 
|  21|0x0000000081500000, 0x0000000081500000, 0x0000000081600000|  0%| F|  |TAMS 0x0000000081500000| PB 0x0000000081500000| Untracked 
|  22|0x0000000081600000, 0x0000000081600000, 0x0000000081700000|  0%| F|  |TAMS 0x0000000081600000| PB 0x0000000081600000| Untracked 
|  23|0x0000000081700000, 0x0000000081700000, 0x0000000081800000|  0%| F|  |TAMS 0x0000000081700000| PB 0x0000000081700000| Untracked 
|  24|0x0000000081800000, 0x0000000081800000, 0x0000000081900000|  0%| F|  |TAMS 0x0000000081800000| PB 0x0000000081800000| Untracked 
|  25|0x0000000081900000, 0x0000000081900000, 0x0000000081a00000|  0%| F|  |TAMS 0x0000000081900000| PB 0x0000000081900000| Untracked 
|  26|0x0000000081a00000, 0x0000000081a00000, 0x0000000081b00000|  0%| F|  |TAMS 0x0000000081a00000| PB 0x0000000081a00000| Untracked 
|  27|0x0000000081b00000, 0x0000000081b00000, 0x0000000081c00000|  0%| F|  |TAMS 0x0000000081b00000| PB 0x0000000081b00000| Untracked 
|  28|0x0000000081c00000, 0x0000000081c00000, 0x0000000081d00000|  0%| F|  |TAMS 0x0000000081c00000| PB 0x0000000081c00000| Untracked 
|  29|0x0000000081d00000, 0x0000000081d00000, 0x0000000081e00000|  0%| F|  |TAMS 0x0000000081d00000| PB 0x0000000081d00000| Untracked 
|  30|0x0000000081e00000, 0x0000000081e00000, 0x0000000081f00000|  0%| F|  |TAMS 0x0000000081e00000| PB 0x0000000081e00000| Untracked 
|  31|0x0000000081f00000, 0x0000000081f00000, 0x0000000082000000|  0%| F|  |TAMS 0x0000000081f00000| PB 0x0000000081f00000| Untracked 
|  32|0x0000000082000000, 0x0000000082000000, 0x0000000082100000|  0%| F|  |TAMS 0x0000000082000000| PB 0x0000000082000000| Untracked 
|  33|0x0000000082100000, 0x0000000082100000, 0x0000000082200000|  0%| F|  |TAMS 0x0000000082100000| PB 0x0000000082100000| Untracked 
|  34|0x0000000082200000, 0x0000000082200000, 0x0000000082300000|  0%| F|  |TAMS 0x0000000082200000| PB 0x0000000082200000| Untracked 
|  35|0x0000000082300000, 0x0000000082300000, 0x0000000082400000|  0%| F|  |TAMS 0x0000000082300000| PB 0x0000000082300000| Untracked 
|  36|0x0000000082400000, 0x0000000082400000, 0x0000000082500000|  0%| F|  |TAMS 0x0000000082400000| PB 0x0000000082400000| Untracked 
|  37|0x0000000082500000, 0x0000000082500000, 0x0000000082600000|  0%| F|  |TAMS 0x0000000082500000| PB 0x0000000082500000| Untracked 
|  38|0x0000000082600000, 0x0000000082600000, 0x0000000082700000|  0%| F|  |TAMS 0x0000000082600000| PB 0x0000000082600000| Untracked 
|  39|0x0000000082700000, 0x0000000082700000, 0x0000000082800000|  0%| F|  |TAMS 0x0000000082700000| PB 0x0000000082700000| Untracked 
|  40|0x0000000082800000, 0x0000000082800000, 0x0000000082900000|  0%| F|  |TAMS 0x0000000082800000| PB 0x0000000082800000| Untracked 
|  41|0x0000000082900000, 0x0000000082900000, 0x0000000082a00000|  0%| F|  |TAMS 0x0000000082900000| PB 0x0000000082900000| Untracked 
|  42|0x0000000082a00000, 0x0000000082a00000, 0x0000000082b00000|  0%| F|  |TAMS 0x0000000082a00000| PB 0x0000000082a00000| Untracked 
|  43|0x0000000082b00000, 0x0000000082b00000, 0x0000000082c00000|  0%| F|  |TAMS 0x0000000082b00000| PB 0x0000000082b00000| Untracked 
|  44|0x0000000082c00000, 0x0000000082c00000, 0x0000000082d00000|  0%| F|  |TAMS 0x0000000082c00000| PB 0x0000000082c00000| Untracked 
|  45|0x0000000082d00000, 0x0000000082d00000, 0x0000000082e00000|  0%| F|  |TAMS 0x0000000082d00000| PB 0x0000000082d00000| Untracked 
|  46|0x0000000082e00000, 0x0000000082e00000, 0x0000000082f00000|  0%| F|  |TAMS 0x0000000082e00000| PB 0x0000000082e00000| Untracked 
|  47|0x0000000082f00000, 0x0000000082f00000, 0x0000000083000000|  0%| F|  |TAMS 0x0000000082f00000| PB 0x0000000082f00000| Untracked 
|  48|0x0000000083000000, 0x0000000083000000, 0x0000000083100000|  0%| F|  |TAMS 0x0000000083000000| PB 0x0000000083000000| Untracked 
|  49|0x0000000083100000, 0x0000000083100000, 0x0000000083200000|  0%| F|  |TAMS 0x0000000083100000| PB 0x0000000083100000| Untracked 
|  50|0x0000000083200000, 0x0000000083200000, 0x0000000083300000|  0%| F|  |TAMS 0x0000000083200000| PB 0x0000000083200000| Untracked 
|  51|0x0000000083300000, 0x0000000083300000, 0x0000000083400000|  0%| F|  |TAMS 0x0000000083300000| PB 0x0000000083300000| Untracked 
|  52|0x0000000083400000, 0x0000000083400000, 0x0000000083500000|  0%| F|  |TAMS 0x0000000083400000| PB 0x0000000083400000| Untracked 
|  53|0x0000000083500000, 0x0000000083500000, 0x0000000083600000|  0%| F|  |TAMS 0x0000000083500000| PB 0x0000000083500000| Untracked 
|  54|0x0000000083600000, 0x0000000083600000, 0x0000000083700000|  0%| F|  |TAMS 0x0000000083600000| PB 0x0000000083600000| Untracked 
|  55|0x0000000083700000, 0x0000000083700000, 0x0000000083800000|  0%| F|  |TAMS 0x0000000083700000| PB 0x0000000083700000| Untracked 
|  56|0x0000000083800000, 0x0000000083800000, 0x0000000083900000|  0%| F|  |TAMS 0x0000000083800000| PB 0x0000000083800000| Untracked 
|  57|0x0000000083900000, 0x0000000083900000, 0x0000000083a00000|  0%| F|  |TAMS 0x0000000083900000| PB 0x0000000083900000| Untracked 
|  58|0x0000000083a00000, 0x0000000083a00000, 0x0000000083b00000|  0%| F|  |TAMS 0x0000000083a00000| PB 0x0000000083a00000| Untracked 
|  59|0x0000000083b00000, 0x0000000083b00000, 0x0000000083c00000|  0%| F|  |TAMS 0x0000000083b00000| PB 0x0000000083b00000| Untracked 
|  60|0x0000000083c00000, 0x0000000083c00000, 0x0000000083d00000|  0%| F|  |TAMS 0x0000000083c00000| PB 0x0000000083c00000| Untracked 
|  61|0x0000000083d00000, 0x0000000083d00000, 0x0000000083e00000|  0%| F|  |TAMS 0x0000000083d00000| PB 0x0000000083d00000| Untracked 
|  62|0x0000000083e00000, 0x0000000083e00000, 0x0000000083f00000|  0%| F|  |TAMS 0x0000000083e00000| PB 0x0000000083e00000| Untracked 
|  63|0x0000000083f00000, 0x0000000083f00000, 0x0000000084000000|  0%| F|  |TAMS 0x0000000083f00000| PB 0x0000000083f00000| Untracked 
|  64|0x0000000084000000, 0x0000000084000000, 0x0000000084100000|  0%| F|  |TAMS 0x0000000084000000| PB 0x0000000084000000| Untracked 
|  65|0x0000000084100000, 0x0000000084100000, 0x0000000084200000|  0%| F|  |TAMS 0x0000000084100000| PB 0x0000000084100000| Untracked 
|  66|0x0000000084200000, 0x0000000084200000, 0x0000000084300000|  0%| F|  |TAMS 0x0000000084200000| PB 0x0000000084200000| Untracked 
|  67|0x0000000084300000, 0x0000000084300000, 0x0000000084400000|  0%| F|  |TAMS 0x0000000084300000| PB 0x0000000084300000| Untracked 
|  68|0x0000000084400000, 0x0000000084400000, 0x0000000084500000|  0%| F|  |TAMS 0x0000000084400000| PB 0x0000000084400000| Untracked 
|  69|0x0000000084500000, 0x0000000084500000, 0x0000000084600000|  0%| F|  |TAMS 0x0000000084500000| PB 0x0000000084500000| Untracked 
|  70|0x0000000084600000, 0x0000000084600000, 0x0000000084700000|  0%| F|  |TAMS 0x0000000084600000| PB 0x0000000084600000| Untracked 
|  71|0x0000000084700000, 0x0000000084700000, 0x0000000084800000|  0%| F|  |TAMS 0x0000000084700000| PB 0x0000000084700000| Untracked 
|  72|0x0000000084800000, 0x0000000084800000, 0x0000000084900000|  0%| F|  |TAMS 0x0000000084800000| PB 0x0000000084800000| Untracked 
|  73|0x0000000084900000, 0x0000000084900000, 0x0000000084a00000|  0%| F|  |TAMS 0x0000000084900000| PB 0x0000000084900000| Untracked 
|  74|0x0000000084a00000, 0x0000000084a00000, 0x0000000084b00000|  0%| F|  |TAMS 0x0000000084a00000| PB 0x0000000084a00000| Untracked 
|  75|0x0000000084b00000, 0x0000000084b00000, 0x0000000084c00000|  0%| F|  |TAMS 0x0000000084b00000| PB 0x0000000084b00000| Untracked 
|  76|0x0000000084c00000, 0x0000000084c00000, 0x0000000084d00000|  0%| F|  |TAMS 0x0000000084c00000| PB 0x0000000084c00000| Untracked 
|  77|0x0000000084d00000, 0x0000000084d00000, 0x0000000084e00000|  0%| F|  |TAMS 0x0000000084d00000| PB 0x0000000084d00000| Untracked 
|  78|0x0000000084e00000, 0x0000000084e00000, 0x0000000084f00000|  0%| F|  |TAMS 0x0000000084e00000| PB 0x0000000084e00000| Untracked 
|  79|0x0000000084f00000, 0x0000000084f00000, 0x0000000085000000|  0%| F|  |TAMS 0x0000000084f00000| PB 0x0000000084f00000| Untracked 
|  80|0x0000000085000000, 0x0000000085000000, 0x0000000085100000|  0%| F|  |TAMS 0x0000000085000000| PB 0x0000000085000000| Untracked 
|  81|0x0000000085100000, 0x0000000085100000, 0x0000000085200000|  0%| F|  |TAMS 0x0000000085100000| PB 0x0000000085100000| Untracked 
|  82|0x0000000085200000, 0x0000000085200000, 0x0000000085300000|  0%| F|  |TAMS 0x0000000085200000| PB 0x0000000085200000| Untracked 
|  83|0x0000000085300000, 0x0000000085300000, 0x0000000085400000|  0%| F|  |TAMS 0x0000000085300000| PB 0x0000000085300000| Untracked 
|  84|0x0000000085400000, 0x0000000085400000, 0x0000000085500000|  0%| F|  |TAMS 0x0000000085400000| PB 0x0000000085400000| Untracked 
|  85|0x0000000085500000, 0x0000000085500000, 0x0000000085600000|  0%| F|  |TAMS 0x0000000085500000| PB 0x0000000085500000| Untracked 
|  86|0x0000000085600000, 0x0000000085600000, 0x0000000085700000|  0%| F|  |TAMS 0x0000000085600000| PB 0x0000000085600000| Untracked 
|  87|0x0000000085700000, 0x0000000085700000, 0x0000000085800000|  0%| F|  |TAMS 0x0000000085700000| PB 0x0000000085700000| Untracked 
|  88|0x0000000085800000, 0x0000000085800000, 0x0000000085900000|  0%| F|  |TAMS 0x0000000085800000| PB 0x0000000085800000| Untracked 
|  89|0x0000000085900000, 0x0000000085900000, 0x0000000085a00000|  0%| F|  |TAMS 0x0000000085900000| PB 0x0000000085900000| Untracked 
|  90|0x0000000085a00000, 0x0000000085a00000, 0x0000000085b00000|  0%| F|  |TAMS 0x0000000085a00000| PB 0x0000000085a00000| Untracked 
|  91|0x0000000085b00000, 0x0000000085b00000, 0x0000000085c00000|  0%| F|  |TAMS 0x0000000085b00000| PB 0x0000000085b00000| Untracked 
|  92|0x0000000085c00000, 0x0000000085c00000, 0x0000000085d00000|  0%| F|  |TAMS 0x0000000085c00000| PB 0x0000000085c00000| Untracked 
|  93|0x0000000085d00000, 0x0000000085d00000, 0x0000000085e00000|  0%| F|  |TAMS 0x0000000085d00000| PB 0x0000000085d00000| Untracked 
|  94|0x0000000085e00000, 0x0000000085e00000, 0x0000000085f00000|  0%| F|  |TAMS 0x0000000085e00000| PB 0x0000000085e00000| Untracked 
|  95|0x0000000085f00000, 0x0000000085f00000, 0x0000000086000000|  0%| F|  |TAMS 0x0000000085f00000| PB 0x0000000085f00000| Untracked 
|  96|0x0000000086000000, 0x0000000086000000, 0x0000000086100000|  0%| F|  |TAMS 0x0000000086000000| PB 0x0000000086000000| Untracked 
|  97|0x0000000086100000, 0x0000000086100000, 0x0000000086200000|  0%| F|  |TAMS 0x0000000086100000| PB 0x0000000086100000| Untracked 
|  98|0x0000000086200000, 0x0000000086200000, 0x0000000086300000|  0%| F|  |TAMS 0x0000000086200000| PB 0x0000000086200000| Untracked 
|  99|0x0000000086300000, 0x0000000086300000, 0x0000000086400000|  0%| F|  |TAMS 0x0000000086300000| PB 0x0000000086300000| Untracked 
| 100|0x0000000086400000, 0x0000000086400000, 0x0000000086500000|  0%| F|  |TAMS 0x0000000086400000| PB 0x0000000086400000| Untracked 
| 101|0x0000000086500000, 0x0000000086500000, 0x0000000086600000|  0%| F|  |TAMS 0x0000000086500000| PB 0x0000000086500000| Untracked 
| 102|0x0000000086600000, 0x0000000086600000, 0x0000000086700000|  0%| F|  |TAMS 0x0000000086600000| PB 0x0000000086600000| Untracked 
| 103|0x0000000086700000, 0x0000000086700000, 0x0000000086800000|  0%| F|  |TAMS 0x0000000086700000| PB 0x0000000086700000| Untracked 
| 104|0x0000000086800000, 0x0000000086800000, 0x0000000086900000|  0%| F|  |TAMS 0x0000000086800000| PB 0x0000000086800000| Untracked 
| 105|0x0000000086900000, 0x0000000086900000, 0x0000000086a00000|  0%| F|  |TAMS 0x0000000086900000| PB 0x0000000086900000| Untracked 
| 106|0x0000000086a00000, 0x0000000086a00000, 0x0000000086b00000|  0%| F|  |TAMS 0x0000000086a00000| PB 0x0000000086a00000| Untracked 
| 107|0x0000000086b00000, 0x0000000086b00000, 0x0000000086c00000|  0%| F|  |TAMS 0x0000000086b00000| PB 0x0000000086b00000| Untracked 
| 108|0x0000000086c00000, 0x0000000086c00000, 0x0000000086d00000|  0%| F|  |TAMS 0x0000000086c00000| PB 0x0000000086c00000| Untracked 
| 109|0x0000000086d00000, 0x0000000086d00000, 0x0000000086e00000|  0%| F|  |TAMS 0x0000000086d00000| PB 0x0000000086d00000| Untracked 
| 110|0x0000000086e00000, 0x0000000086e00000, 0x0000000086f00000|  0%| F|  |TAMS 0x0000000086e00000| PB 0x0000000086e00000| Untracked 
| 111|0x0000000086f00000, 0x0000000086f00000, 0x0000000087000000|  0%| F|  |TAMS 0x0000000086f00000| PB 0x0000000086f00000| Untracked 
| 112|0x0000000087000000, 0x0000000087000000, 0x0000000087100000|  0%| F|  |TAMS 0x0000000087000000| PB 0x0000000087000000| Untracked 
| 113|0x0000000087100000, 0x0000000087100000, 0x0000000087200000|  0%| F|  |TAMS 0x0000000087100000| PB 0x0000000087100000| Untracked 
| 114|0x0000000087200000, 0x0000000087200000, 0x0000000087300000|  0%| F|  |TAMS 0x0000000087200000| PB 0x0000000087200000| Untracked 
| 115|0x0000000087300000, 0x0000000087300000, 0x0000000087400000|  0%| F|  |TAMS 0x0000000087300000| PB 0x0000000087300000| Untracked 
| 116|0x0000000087400000, 0x0000000087400000, 0x0000000087500000|  0%| F|  |TAMS 0x0000000087400000| PB 0x0000000087400000| Untracked 
| 117|0x0000000087500000, 0x0000000087500000, 0x0000000087600000|  0%| F|  |TAMS 0x0000000087500000| PB 0x0000000087500000| Untracked 
| 118|0x0000000087600000, 0x0000000087600000, 0x0000000087700000|  0%| F|  |TAMS 0x0000000087600000| PB 0x0000000087600000| Untracked 
| 119|0x0000000087700000, 0x0000000087700000, 0x0000000087800000|  0%| F|  |TAMS 0x0000000087700000| PB 0x0000000087700000| Untracked 
| 120|0x0000000087800000, 0x0000000087800000, 0x0000000087900000|  0%| F|  |TAMS 0x0000000087800000| PB 0x0000000087800000| Untracked 
| 121|0x0000000087900000, 0x0000000087900000, 0x0000000087a00000|  0%| F|  |TAMS 0x0000000087900000| PB 0x0000000087900000| Untracked 
| 122|0x0000000087a00000, 0x0000000087a00000, 0x0000000087b00000|  0%| F|  |TAMS 0x0000000087a00000| PB 0x0000000087a00000| Untracked 
| 123|0x0000000087b00000, 0x0000000087b00000, 0x0000000087c00000|  0%| F|  |TAMS 0x0000000087b00000| PB 0x0000000087b00000| Untracked 
| 124|0x0000000087c00000, 0x0000000087c00000, 0x0000000087d00000|  0%| F|  |TAMS 0x0000000087c00000| PB 0x0000000087c00000| Untracked 
| 125|0x0000000087d00000, 0x0000000087d00000, 0x0000000087e00000|  0%| F|  |TAMS 0x0000000087d00000| PB 0x0000000087d00000| Untracked 
| 126|0x0000000087e00000, 0x0000000087e00000, 0x0000000087f00000|  0%| F|  |TAMS 0x0000000087e00000| PB 0x0000000087e00000| Untracked 
| 127|0x0000000087f00000, 0x0000000087f00000, 0x0000000088000000|  0%| F|  |TAMS 0x0000000087f00000| PB 0x0000000087f00000| Untracked 
| 128|0x0000000088000000, 0x0000000088000000, 0x0000000088100000|  0%| F|  |TAMS 0x0000000088000000| PB 0x0000000088000000| Untracked 
| 129|0x0000000088100000, 0x0000000088100000, 0x0000000088200000|  0%| F|  |TAMS 0x0000000088100000| PB 0x0000000088100000| Untracked 
| 130|0x0000000088200000, 0x0000000088200000, 0x0000000088300000|  0%| F|  |TAMS 0x0000000088200000| PB 0x0000000088200000| Untracked 
| 131|0x0000000088300000, 0x0000000088300000, 0x0000000088400000|  0%| F|  |TAMS 0x0000000088300000| PB 0x0000000088300000| Untracked 
| 132|0x0000000088400000, 0x0000000088400000, 0x0000000088500000|  0%| F|  |TAMS 0x0000000088400000| PB 0x0000000088400000| Untracked 
| 133|0x0000000088500000, 0x0000000088500000, 0x0000000088600000|  0%| F|  |TAMS 0x0000000088500000| PB 0x0000000088500000| Untracked 
| 134|0x0000000088600000, 0x0000000088600000, 0x0000000088700000|  0%| F|  |TAMS 0x0000000088600000| PB 0x0000000088600000| Untracked 
| 135|0x0000000088700000, 0x0000000088700000, 0x0000000088800000|  0%| F|  |TAMS 0x0000000088700000| PB 0x0000000088700000| Untracked 
| 136|0x0000000088800000, 0x0000000088800000, 0x0000000088900000|  0%| F|  |TAMS 0x0000000088800000| PB 0x0000000088800000| Untracked 
| 137|0x0000000088900000, 0x0000000088900000, 0x0000000088a00000|  0%| F|  |TAMS 0x0000000088900000| PB 0x0000000088900000| Untracked 
| 138|0x0000000088a00000, 0x0000000088a00000, 0x0000000088b00000|  0%| F|  |TAMS 0x0000000088a00000| PB 0x0000000088a00000| Untracked 
| 139|0x0000000088b00000, 0x0000000088b00000, 0x0000000088c00000|  0%| F|  |TAMS 0x0000000088b00000| PB 0x0000000088b00000| Untracked 
| 140|0x0000000088c00000, 0x0000000088c00000, 0x0000000088d00000|  0%| F|  |TAMS 0x0000000088c00000| PB 0x0000000088c00000| Untracked 
| 141|0x0000000088d00000, 0x0000000088d00000, 0x0000000088e00000|  0%| F|  |TAMS 0x0000000088d00000| PB 0x0000000088d00000| Untracked 
| 142|0x0000000088e00000, 0x0000000088e00000, 0x0000000088f00000|  0%| F|  |TAMS 0x0000000088e00000| PB 0x0000000088e00000| Untracked 
| 143|0x0000000088f00000, 0x0000000088f00000, 0x0000000089000000|  0%| F|  |TAMS 0x0000000088f00000| PB 0x0000000088f00000| Untracked 
| 144|0x0000000089000000, 0x0000000089000000, 0x0000000089100000|  0%| F|  |TAMS 0x0000000089000000| PB 0x0000000089000000| Untracked 
| 145|0x0000000089100000, 0x0000000089100000, 0x0000000089200000|  0%| F|  |TAMS 0x0000000089100000| PB 0x0000000089100000| Untracked 
| 146|0x0000000089200000, 0x0000000089200000, 0x0000000089300000|  0%| F|  |TAMS 0x0000000089200000| PB 0x0000000089200000| Untracked 
| 147|0x0000000089300000, 0x0000000089300000, 0x0000000089400000|  0%| F|  |TAMS 0x0000000089300000| PB 0x0000000089300000| Untracked 
| 148|0x0000000089400000, 0x0000000089400000, 0x0000000089500000|  0%| F|  |TAMS 0x0000000089400000| PB 0x0000000089400000| Untracked 
| 149|0x0000000089500000, 0x0000000089500000, 0x0000000089600000|  0%| F|  |TAMS 0x0000000089500000| PB 0x0000000089500000| Untracked 
| 150|0x0000000089600000, 0x0000000089600000, 0x0000000089700000|  0%| F|  |TAMS 0x0000000089600000| PB 0x0000000089600000| Untracked 
| 151|0x0000000089700000, 0x0000000089700000, 0x0000000089800000|  0%| F|  |TAMS 0x0000000089700000| PB 0x0000000089700000| Untracked 
| 152|0x0000000089800000, 0x0000000089800000, 0x0000000089900000|  0%| F|  |TAMS 0x0000000089800000| PB 0x0000000089800000| Untracked 
| 153|0x0000000089900000, 0x0000000089900000, 0x0000000089a00000|  0%| F|  |TAMS 0x0000000089900000| PB 0x0000000089900000| Untracked 
| 154|0x0000000089a00000, 0x0000000089a00000, 0x0000000089b00000|  0%| F|  |TAMS 0x0000000089a00000| PB 0x0000000089a00000| Untracked 
| 155|0x0000000089b00000, 0x0000000089b00000, 0x0000000089c00000|  0%| F|  |TAMS 0x0000000089b00000| PB 0x0000000089b00000| Untracked 
| 156|0x0000000089c00000, 0x0000000089c00000, 0x0000000089d00000|  0%| F|  |TAMS 0x0000000089c00000| PB 0x0000000089c00000| Untracked 
| 157|0x0000000089d00000, 0x0000000089d00000, 0x0000000089e00000|  0%| F|  |TAMS 0x0000000089d00000| PB 0x0000000089d00000| Untracked 
| 158|0x0000000089e00000, 0x0000000089e00000, 0x0000000089f00000|  0%| F|  |TAMS 0x0000000089e00000| PB 0x0000000089e00000| Untracked 
| 159|0x0000000089f00000, 0x0000000089f00000, 0x000000008a000000|  0%| F|  |TAMS 0x0000000089f00000| PB 0x0000000089f00000| Untracked 
| 160|0x000000008a000000, 0x000000008a000000, 0x000000008a100000|  0%| F|  |TAMS 0x000000008a000000| PB 0x000000008a000000| Untracked 
| 161|0x000000008a100000, 0x000000008a100000, 0x000000008a200000|  0%| F|  |TAMS 0x000000008a100000| PB 0x000000008a100000| Untracked 
| 162|0x000000008a200000, 0x000000008a200000, 0x000000008a300000|  0%| F|  |TAMS 0x000000008a200000| PB 0x000000008a200000| Untracked 
| 163|0x000000008a300000, 0x000000008a300000, 0x000000008a400000|  0%| F|  |TAMS 0x000000008a300000| PB 0x000000008a300000| Untracked 
| 164|0x000000008a400000, 0x000000008a400000, 0x000000008a500000|  0%| F|  |TAMS 0x000000008a400000| PB 0x000000008a400000| Untracked 
| 165|0x000000008a500000, 0x000000008a500000, 0x000000008a600000|  0%| F|  |TAMS 0x000000008a500000| PB 0x000000008a500000| Untracked 
| 166|0x000000008a600000, 0x000000008a600000, 0x000000008a700000|  0%| F|  |TAMS 0x000000008a600000| PB 0x000000008a600000| Untracked 
| 167|0x000000008a700000, 0x000000008a700000, 0x000000008a800000|  0%| F|  |TAMS 0x000000008a700000| PB 0x000000008a700000| Untracked 
| 168|0x000000008a800000, 0x000000008a800000, 0x000000008a900000|  0%| F|  |TAMS 0x000000008a800000| PB 0x000000008a800000| Untracked 
| 169|0x000000008a900000, 0x000000008a900000, 0x000000008aa00000|  0%| F|  |TAMS 0x000000008a900000| PB 0x000000008a900000| Untracked 
| 170|0x000000008aa00000, 0x000000008aa00000, 0x000000008ab00000|  0%| F|  |TAMS 0x000000008aa00000| PB 0x000000008aa00000| Untracked 
| 171|0x000000008ab00000, 0x000000008ab00000, 0x000000008ac00000|  0%| F|  |TAMS 0x000000008ab00000| PB 0x000000008ab00000| Untracked 
| 172|0x000000008ac00000, 0x000000008ac00000, 0x000000008ad00000|  0%| F|  |TAMS 0x000000008ac00000| PB 0x000000008ac00000| Untracked 
| 173|0x000000008ad00000, 0x000000008ad00000, 0x000000008ae00000|  0%| F|  |TAMS 0x000000008ad00000| PB 0x000000008ad00000| Untracked 
| 174|0x000000008ae00000, 0x000000008ae00000, 0x000000008af00000|  0%| F|  |TAMS 0x000000008ae00000| PB 0x000000008ae00000| Untracked 
| 175|0x000000008af00000, 0x000000008af00000, 0x000000008b000000|  0%| F|  |TAMS 0x000000008af00000| PB 0x000000008af00000| Untracked 
| 176|0x000000008b000000, 0x000000008b000000, 0x000000008b100000|  0%| F|  |TAMS 0x000000008b000000| PB 0x000000008b000000| Untracked 
| 177|0x000000008b100000, 0x000000008b100000, 0x000000008b200000|  0%| F|  |TAMS 0x000000008b100000| PB 0x000000008b100000| Untracked 
| 178|0x000000008b200000, 0x000000008b200000, 0x000000008b300000|  0%| F|  |TAMS 0x000000008b200000| PB 0x000000008b200000| Untracked 
| 179|0x000000008b300000, 0x000000008b300000, 0x000000008b400000|  0%| F|  |TAMS 0x000000008b300000| PB 0x000000008b300000| Untracked 
| 180|0x000000008b400000, 0x000000008b400000, 0x000000008b500000|  0%| F|  |TAMS 0x000000008b400000| PB 0x000000008b400000| Untracked 
| 181|0x000000008b500000, 0x000000008b500000, 0x000000008b600000|  0%| F|  |TAMS 0x000000008b500000| PB 0x000000008b500000| Untracked 
| 182|0x000000008b600000, 0x000000008b600000, 0x000000008b700000|  0%| F|  |TAMS 0x000000008b600000| PB 0x000000008b600000| Untracked 
| 183|0x000000008b700000, 0x000000008b700000, 0x000000008b800000|  0%| F|  |TAMS 0x000000008b700000| PB 0x000000008b700000| Untracked 
| 184|0x000000008b800000, 0x000000008b800000, 0x000000008b900000|  0%| F|  |TAMS 0x000000008b800000| PB 0x000000008b800000| Untracked 
| 185|0x000000008b900000, 0x000000008b9d7c58, 0x000000008ba00000| 84%| S|CS|TAMS 0x000000008b900000| PB 0x000000008b900000| Complete 
| 186|0x000000008ba00000, 0x000000008bb00000, 0x000000008bb00000|100%| S|CS|TAMS 0x000000008ba00000| PB 0x000000008ba00000| Complete 
| 187|0x000000008bb00000, 0x000000008bc00000, 0x000000008bc00000|100%| S|CS|TAMS 0x000000008bb00000| PB 0x000000008bb00000| Complete 
| 188|0x000000008bc00000, 0x000000008bd00000, 0x000000008bd00000|100%| S|CS|TAMS 0x000000008bc00000| PB 0x000000008bc00000| Complete 
| 189|0x000000008bd00000, 0x000000008be00000, 0x000000008be00000|100%| S|CS|TAMS 0x000000008bd00000| PB 0x000000008bd00000| Complete 
| 190|0x000000008be00000, 0x000000008bf00000, 0x000000008bf00000|100%| S|CS|TAMS 0x000000008be00000| PB 0x000000008be00000| Complete 
| 191|0x000000008bf00000, 0x000000008bf00000, 0x000000008c000000|  0%| F|  |TAMS 0x000000008bf00000| PB 0x000000008bf00000| Untracked 
| 192|0x000000008c000000, 0x000000008c000000, 0x000000008c100000|  0%| F|  |TAMS 0x000000008c000000| PB 0x000000008c000000| Untracked 
| 193|0x000000008c100000, 0x000000008c100000, 0x000000008c200000|  0%| F|  |TAMS 0x000000008c100000| PB 0x000000008c100000| Untracked 
| 194|0x000000008c200000, 0x000000008c200000, 0x000000008c300000|  0%| F|  |TAMS 0x000000008c200000| PB 0x000000008c200000| Untracked 
| 195|0x000000008c300000, 0x000000008c300000, 0x000000008c400000|  0%| F|  |TAMS 0x000000008c300000| PB 0x000000008c300000| Untracked 
| 196|0x000000008c400000, 0x000000008c400000, 0x000000008c500000|  0%| F|  |TAMS 0x000000008c400000| PB 0x000000008c400000| Untracked 
| 197|0x000000008c500000, 0x000000008c500000, 0x000000008c600000|  0%| F|  |TAMS 0x000000008c500000| PB 0x000000008c500000| Untracked 
| 198|0x000000008c600000, 0x000000008c600000, 0x000000008c700000|  0%| F|  |TAMS 0x000000008c600000| PB 0x000000008c600000| Untracked 
| 199|0x000000008c700000, 0x000000008c700000, 0x000000008c800000|  0%| F|  |TAMS 0x000000008c700000| PB 0x000000008c700000| Untracked 
| 200|0x000000008c800000, 0x000000008c800000, 0x000000008c900000|  0%| F|  |TAMS 0x000000008c800000| PB 0x000000008c800000| Untracked 
| 201|0x000000008c900000, 0x000000008c900000, 0x000000008ca00000|  0%| F|  |TAMS 0x000000008c900000| PB 0x000000008c900000| Untracked 
| 202|0x000000008ca00000, 0x000000008ca00000, 0x000000008cb00000|  0%| F|  |TAMS 0x000000008ca00000| PB 0x000000008ca00000| Untracked 
| 203|0x000000008cb00000, 0x000000008cb00000, 0x000000008cc00000|  0%| F|  |TAMS 0x000000008cb00000| PB 0x000000008cb00000| Untracked 
| 204|0x000000008cc00000, 0x000000008cc00000, 0x000000008cd00000|  0%| F|  |TAMS 0x000000008cc00000| PB 0x000000008cc00000| Untracked 
| 205|0x000000008cd00000, 0x000000008cd00000, 0x000000008ce00000|  0%| F|  |TAMS 0x000000008cd00000| PB 0x000000008cd00000| Untracked 
| 206|0x000000008ce00000, 0x000000008ce00000, 0x000000008cf00000|  0%| F|  |TAMS 0x000000008ce00000| PB 0x000000008ce00000| Untracked 
| 207|0x000000008cf00000, 0x000000008cf00000, 0x000000008d000000|  0%| F|  |TAMS 0x000000008cf00000| PB 0x000000008cf00000| Untracked 
| 208|0x000000008d000000, 0x000000008d000000, 0x000000008d100000|  0%| F|  |TAMS 0x000000008d000000| PB 0x000000008d000000| Untracked 
| 209|0x000000008d100000, 0x000000008d100000, 0x000000008d200000|  0%| F|  |TAMS 0x000000008d100000| PB 0x000000008d100000| Untracked 
| 210|0x000000008d200000, 0x000000008d200000, 0x000000008d300000|  0%| F|  |TAMS 0x000000008d200000| PB 0x000000008d200000| Untracked 
| 211|0x000000008d300000, 0x000000008d300000, 0x000000008d400000|  0%| F|  |TAMS 0x000000008d300000| PB 0x000000008d300000| Untracked 
| 212|0x000000008d400000, 0x000000008d400000, 0x000000008d500000|  0%| F|  |TAMS 0x000000008d400000| PB 0x000000008d400000| Untracked 
| 213|0x000000008d500000, 0x000000008d500000, 0x000000008d600000|  0%| F|  |TAMS 0x000000008d500000| PB 0x000000008d500000| Untracked 
| 214|0x000000008d600000, 0x000000008d600000, 0x000000008d700000|  0%| F|  |TAMS 0x000000008d600000| PB 0x000000008d600000| Untracked 
| 215|0x000000008d700000, 0x000000008d700000, 0x000000008d800000|  0%| F|  |TAMS 0x000000008d700000| PB 0x000000008d700000| Untracked 
| 216|0x000000008d800000, 0x000000008d800000, 0x000000008d900000|  0%| F|  |TAMS 0x000000008d800000| PB 0x000000008d800000| Untracked 
| 217|0x000000008d900000, 0x000000008d900000, 0x000000008da00000|  0%| F|  |TAMS 0x000000008d900000| PB 0x000000008d900000| Untracked 
| 218|0x000000008da00000, 0x000000008da00000, 0x000000008db00000|  0%| F|  |TAMS 0x000000008da00000| PB 0x000000008da00000| Untracked 
| 219|0x000000008db00000, 0x000000008db00000, 0x000000008dc00000|  0%| F|  |TAMS 0x000000008db00000| PB 0x000000008db00000| Untracked 
| 220|0x000000008dc00000, 0x000000008dc00000, 0x000000008dd00000|  0%| F|  |TAMS 0x000000008dc00000| PB 0x000000008dc00000| Untracked 
| 221|0x000000008dd00000, 0x000000008dd00000, 0x000000008de00000|  0%| F|  |TAMS 0x000000008dd00000| PB 0x000000008dd00000| Untracked 
| 222|0x000000008de00000, 0x000000008de00000, 0x000000008df00000|  0%| F|  |TAMS 0x000000008de00000| PB 0x000000008de00000| Untracked 
| 223|0x000000008df00000, 0x000000008df00000, 0x000000008e000000|  0%| F|  |TAMS 0x000000008df00000| PB 0x000000008df00000| Untracked 
| 224|0x000000008e000000, 0x000000008e080000, 0x000000008e100000| 50%| E|  |TAMS 0x000000008e000000| PB 0x000000008e000000| Complete 
| 225|0x000000008e100000, 0x000000008e200000, 0x000000008e200000|100%| E|CS|TAMS 0x000000008e100000| PB 0x000000008e100000| Complete 
| 226|0x000000008e200000, 0x000000008e300000, 0x000000008e300000|100%| E|CS|TAMS 0x000000008e200000| PB 0x000000008e200000| Complete 
| 227|0x000000008e300000, 0x000000008e400000, 0x000000008e400000|100%| E|CS|TAMS 0x000000008e300000| PB 0x000000008e300000| Complete 
| 228|0x000000008e400000, 0x000000008e500000, 0x000000008e500000|100%| E|CS|TAMS 0x000000008e400000| PB 0x000000008e400000| Complete 
| 229|0x000000008e500000, 0x000000008e600000, 0x000000008e600000|100%| E|CS|TAMS 0x000000008e500000| PB 0x000000008e500000| Complete 
| 230|0x000000008e600000, 0x000000008e700000, 0x000000008e700000|100%| E|CS|TAMS 0x000000008e600000| PB 0x000000008e600000| Complete 
| 231|0x000000008e700000, 0x000000008e800000, 0x000000008e800000|100%| E|CS|TAMS 0x000000008e700000| PB 0x000000008e700000| Complete 
| 232|0x000000008e800000, 0x000000008e900000, 0x000000008e900000|100%| E|CS|TAMS 0x000000008e800000| PB 0x000000008e800000| Complete 
| 233|0x000000008e900000, 0x000000008ea00000, 0x000000008ea00000|100%| E|CS|TAMS 0x000000008e900000| PB 0x000000008e900000| Complete 
| 234|0x000000008ea00000, 0x000000008eb00000, 0x000000008eb00000|100%| E|CS|TAMS 0x000000008ea00000| PB 0x000000008ea00000| Complete 
| 235|0x000000008eb00000, 0x000000008ec00000, 0x000000008ec00000|100%| E|CS|TAMS 0x000000008eb00000| PB 0x000000008eb00000| Complete 
| 236|0x000000008ec00000, 0x000000008ed00000, 0x000000008ed00000|100%| E|CS|TAMS 0x000000008ec00000| PB 0x000000008ec00000| Complete 
| 237|0x000000008ed00000, 0x000000008ee00000, 0x000000008ee00000|100%| E|CS|TAMS 0x000000008ed00000| PB 0x000000008ed00000| Complete 
| 238|0x000000008ee00000, 0x000000008ef00000, 0x000000008ef00000|100%| E|CS|TAMS 0x000000008ee00000| PB 0x000000008ee00000| Complete 
| 239|0x000000008ef00000, 0x000000008f000000, 0x000000008f000000|100%| E|CS|TAMS 0x000000008ef00000| PB 0x000000008ef00000| Complete 
| 240|0x000000008f000000, 0x000000008f100000, 0x000000008f100000|100%| E|CS|TAMS 0x000000008f000000| PB 0x000000008f000000| Complete 
| 241|0x000000008f100000, 0x000000008f200000, 0x000000008f200000|100%| E|CS|TAMS 0x000000008f100000| PB 0x000000008f100000| Complete 
| 242|0x000000008f200000, 0x000000008f300000, 0x000000008f300000|100%| E|CS|TAMS 0x000000008f200000| PB 0x000000008f200000| Complete 
| 243|0x000000008f300000, 0x000000008f400000, 0x000000008f400000|100%| E|CS|TAMS 0x000000008f300000| PB 0x000000008f300000| Complete 

Card table byte_map: [0x00000223df5d0000,0x00000223df9d0000] _byte_map_base: 0x00000223df1d0000

Marking Bits: (CMBitMap*) 0x00000223ccb84940
 Bits: [0x00000223df9d0000, 0x00000223e19d0000)

Polling page: 0x00000223ca9a0000

Metaspace:

Usage:
  Non-class:     18.03 MB used.
      Class:      2.38 MB used.
       Both:     20.41 MB used.

Virtual space:
  Non-class space:       64.00 MB reserved,      18.19 MB ( 28%) committed,  1 nodes.
      Class space:        1.00 GB reserved,       2.50 MB ( <1%) committed,  1 nodes.
             Both:        1.06 GB reserved,      20.69 MB (  2%) committed. 

Chunk freelists:
   Non-Class:  13.86 MB
       Class:  13.34 MB
        Both:  27.20 MB

MaxMetaspaceSize: unlimited
CompressedClassSpaceSize: 1.00 GB
Initial GC threshold: 21.00 MB
Current GC threshold: 21.00 MB
CDS: off
 - commit_granule_bytes: 65536.
 - commit_granule_words: 8192.
 - virtual_space_node_default_size: 8388608.
 - enlarge_chunks_in_place: 1.
 - use_allocation_guard: 0.


Internal statistics:

num_allocs_failed_limit: 0.
num_arena_births: 284.
num_arena_deaths: 0.
num_vsnodes_births: 2.
num_vsnodes_deaths: 0.
num_space_committed: 331.
num_space_uncommitted: 0.
num_chunks_returned_to_freelist: 0.
num_chunks_taken_from_freelist: 643.
num_chunk_merges: 0.
num_chunk_splits: 395.
num_chunks_enlarged: 278.
num_inconsistent_stats: 0.

CodeHeap 'non-profiled nmethods': size=120000Kb used=1166Kb max_used=1166Kb free=118833Kb
 bounds [0x00000223d7750000, 0x00000223d79c0000, 0x00000223dec80000]
CodeHeap 'profiled nmethods': size=120000Kb used=4734Kb max_used=4734Kb free=115265Kb
 bounds [0x00000223cfc80000, 0x00000223d0120000, 0x00000223d71b0000]
CodeHeap 'non-nmethods': size=5760Kb used=1427Kb max_used=1435Kb free=4332Kb
 bounds [0x00000223d71b0000, 0x00000223d7420000, 0x00000223d7750000]
 total_blobs=2960 nmethods=2426 adapters=438
 compilation: enabled
              stopped_count=0, restarted_count=0
 full_count=0

Compilation events (20 events):
Event: 3.816 Thread 0x00000223e47c2a60 nmethod 2408 0x00000223d7872390 code [0x00000223d7872520, 0x00000223d78725e8]
Event: 4.236 Thread 0x00000223e47c2a60 2409       3       java.util.stream.ReferencePipeline$2$1::accept (27 bytes)
Event: 4.236 Thread 0x00000223e47c2a60 nmethod 2409 0x00000223d0119110 code [0x00000223d01192e0, 0x00000223d01195c0]
Event: 4.236 Thread 0x00000223e47c2a60 2410       3       java.util.stream.AbstractPipeline::isParallel (8 bytes)
Event: 4.236 Thread 0x00000223e47c2a60 nmethod 2410 0x00000223d0119710 code [0x00000223d01198a0, 0x00000223d01199b8]
Event: 4.747 Thread 0x00000223e47c2a60 2412       3       jdk.internal.misc.Unsafe::putReferenceOpaque (9 bytes)
Event: 4.748 Thread 0x00000223e47c2a60 nmethod 2412 0x00000223d0119a90 code [0x00000223d0119c20, 0x00000223d0119d80]
Event: 4.778 Thread 0x00000223e47c2a60 2413       3       java.util.concurrent.TimeUnit::toNanos (45 bytes)
Event: 4.779 Thread 0x00000223e47c2a60 nmethod 2413 0x00000223d0119e10 code [0x00000223d0119fc0, 0x00000223d011a210]
Event: 4.794 Thread 0x00000223e47c2a60 2414       3       java.util.concurrent.locks.LockSupport::setBlocker (12 bytes)
Event: 4.794 Thread 0x00000223e47c2a60 nmethod 2414 0x00000223d011a290 code [0x00000223d011a440, 0x00000223d011a638]
Event: 4.810 Thread 0x00000223e47c2a60 2415       3       java.util.concurrent.locks.AbstractQueuedSynchronizer$ConditionObject::canReacquire (38 bytes)
Event: 4.810 Thread 0x00000223e47c2a60 nmethod 2415 0x00000223d011a710 code [0x00000223d011a8e0, 0x00000223d011ac28]
Event: 4.918 Thread 0x00000223e47c2a60 2417       3       jdk.internal.misc.Unsafe::weakCompareAndSetInt (11 bytes)
Event: 4.918 Thread 0x00000223e47c2a60 nmethod 2417 0x00000223d011ad90 code [0x00000223d011af20, 0x00000223d011b048]
Event: 4.949 Thread 0x00000223e47c2a60 2418       1       jdk.internal.event.ThreadSleepEvent::isEnabled (2 bytes)
Event: 4.949 Thread 0x00000223e47c2a60 nmethod 2418 0x00000223d7873290 code [0x00000223d7873420, 0x00000223d78734e8]
Event: 4.965 Thread 0x00000223e47c2a60 2420       1       org.gradle.launcher.daemon.server.exec.DaemonConnectionBackedEventConsumer::access$000 (5 bytes)
Event: 4.965 Thread 0x00000223e47c2a60 nmethod 2420 0x00000223d7873590 code [0x00000223d7873720, 0x00000223d78737d0]
Event: 5.230 Thread 0x00000223e47c2a60 2421       3       java.util.stream.PipelineHelper::<init> (5 bytes)

GC Heap History (6 events):
Event: 0.526 GC heap before
{Heap before GC invocations=0 (full 0):
 garbage-first heap   total 249856K, used 22528K [0x0000000080000000, 0x0000000100000000)
  region size 1024K, 23 young (23552K), 0 survivors (0K)
 Metaspace       used 8082K, committed 8192K, reserved 1114112K
  class space    used 728K, committed 768K, reserved 1048576K
}
Event: 0.529 GC heap after
{Heap after GC invocations=1 (full 0):
 garbage-first heap   total 249856K, used 2368K [0x0000000080000000, 0x0000000100000000)
  region size 1024K, 3 young (3072K), 3 survivors (3072K)
 Metaspace       used 8082K, committed 8192K, reserved 1114112K
  class space    used 728K, committed 768K, reserved 1048576K
}
Event: 1.416 GC heap before
{Heap before GC invocations=1 (full 0):
 garbage-first heap   total 249856K, used 41280K [0x0000000080000000, 0x0000000100000000)
  region size 1024K, 39 young (39936K), 3 survivors (3072K)
 Metaspace       used 12301K, committed 12480K, reserved 1114112K
  class space    used 1314K, committed 1408K, reserved 1048576K
}
Event: 1.423 GC heap after
{Heap after GC invocations=2 (full 0):
 garbage-first heap   total 249856K, used 10871K [0x0000000080000000, 0x0000000100000000)
  region size 1024K, 5 young (5120K), 5 survivors (5120K)
 Metaspace       used 12301K, committed 12480K, reserved 1114112K
  class space    used 1314K, committed 1408K, reserved 1048576K
}
Event: 2.202 GC heap before
{Heap before GC invocations=2 (full 0):
 garbage-first heap   total 249856K, used 62071K [0x0000000080000000, 0x0000000100000000)
  region size 1024K, 53 young (54272K), 5 survivors (5120K)
 Metaspace       used 15461K, committed 15680K, reserved 1114112K
  class space    used 1740K, committed 1856K, reserved 1048576K
}
Event: 2.210 GC heap after
{Heap after GC invocations=3 (full 0):
 garbage-first heap   total 249856K, used 17689K [0x0000000080000000, 0x0000000100000000)
  region size 1024K, 6 young (6144K), 6 survivors (6144K)
 Metaspace       used 15461K, committed 15680K, reserved 1114112K
  class space    used 1740K, committed 1856K, reserved 1048576K
}

Dll operation events (3 events):
Event: 0.010 Loaded shared library A:\Android Studio\jbr\bin\java.dll
Event: 0.017 Loaded shared library A:\Android Studio\jbr\bin\zip.dll
Event: 0.673 Loaded shared library A:\Android Studio\jbr\bin\verify.dll

Deoptimization events (20 events):
Event: 2.700 Thread 0x00000223eabc3f70 Uncommon trap: trap_request=0xffffffde fr.pc=0x00000223d7824de4 relative=0x0000000000000304
Event: 2.700 Thread 0x00000223eabc3f70 Uncommon trap: reason=class_check action=maybe_recompile pc=0x00000223d7824de4 method=java.util.regex.Pattern$BmpCharPropertyGreedy.match(Ljava/util/regex/Matcher;ILjava/lang/CharSequence;)Z @ 26 c2
Event: 2.700 Thread 0x00000223eabc3f70 DEOPT PACKING pc=0x00000223d7824de4 sp=0x000000f8b1afdb70
Event: 2.700 Thread 0x00000223eabc3f70 DEOPT UNPACKING pc=0x00000223d72046a2 sp=0x000000f8b1afdb28 mode 2
Event: 2.700 Thread 0x00000223eabc3f70 Uncommon trap: trap_request=0xffffffde fr.pc=0x00000223d7824de4 relative=0x0000000000000304
Event: 2.700 Thread 0x00000223eabc3f70 Uncommon trap: reason=class_check action=maybe_recompile pc=0x00000223d7824de4 method=java.util.regex.Pattern$BmpCharPropertyGreedy.match(Ljava/util/regex/Matcher;ILjava/lang/CharSequence;)Z @ 26 c2
Event: 2.700 Thread 0x00000223eabc3f70 DEOPT PACKING pc=0x00000223d7824de4 sp=0x000000f8b1afd860
Event: 2.700 Thread 0x00000223eabc3f70 DEOPT UNPACKING pc=0x00000223d72046a2 sp=0x000000f8b1afd7f8 mode 2
Event: 2.701 Thread 0x00000223eabc3f70 Uncommon trap: trap_request=0xffffff45 fr.pc=0x00000223d7775e04 relative=0x00000000000001c4
Event: 2.701 Thread 0x00000223eabc3f70 Uncommon trap: reason=unstable_if action=reinterpret pc=0x00000223d7775e04 method=java.util.regex.Matcher.reset()Ljava/util/regex/Matcher; @ 47 c2
Event: 2.701 Thread 0x00000223eabc3f70 DEOPT PACKING pc=0x00000223d7775e04 sp=0x000000f8b1afdc90
Event: 2.701 Thread 0x00000223eabc3f70 DEOPT UNPACKING pc=0x00000223d72046a2 sp=0x000000f8b1afdc20 mode 2
Event: 2.701 Thread 0x00000223eabc3f70 Uncommon trap: trap_request=0xffffffde fr.pc=0x00000223d7824de4 relative=0x0000000000000304
Event: 2.701 Thread 0x00000223eabc3f70 Uncommon trap: reason=class_check action=maybe_recompile pc=0x00000223d7824de4 method=java.util.regex.Pattern$BmpCharPropertyGreedy.match(Ljava/util/regex/Matcher;ILjava/lang/CharSequence;)Z @ 26 c2
Event: 2.701 Thread 0x00000223eabc3f70 DEOPT PACKING pc=0x00000223d7824de4 sp=0x000000f8b1afdb70
Event: 2.701 Thread 0x00000223eabc3f70 DEOPT UNPACKING pc=0x00000223d72046a2 sp=0x000000f8b1afdb28 mode 2
Event: 2.701 Thread 0x00000223eabc3f70 Uncommon trap: trap_request=0xffffffde fr.pc=0x00000223d7824de4 relative=0x0000000000000304
Event: 2.701 Thread 0x00000223eabc3f70 Uncommon trap: reason=class_check action=maybe_recompile pc=0x00000223d7824de4 method=java.util.regex.Pattern$BmpCharPropertyGreedy.match(Ljava/util/regex/Matcher;ILjava/lang/CharSequence;)Z @ 26 c2
Event: 2.701 Thread 0x00000223eabc3f70 DEOPT PACKING pc=0x00000223d7824de4 sp=0x000000f8b1afd860
Event: 2.701 Thread 0x00000223eabc3f70 DEOPT UNPACKING pc=0x00000223d72046a2 sp=0x000000f8b1afd7f8 mode 2

Classes loaded (20 events):
Event: 2.760 Loading class jdk/internal/reflect/MethodHandleObjectFieldAccessorImpl
Event: 2.761 Loading class jdk/internal/reflect/MethodHandleFieldAccessorImpl
Event: 2.761 Loading class jdk/internal/reflect/MethodHandleFieldAccessorImpl done
Event: 2.761 Loading class jdk/internal/reflect/MethodHandleObjectFieldAccessorImpl done
Event: 2.767 Loading class java/util/concurrent/CountDownLatch$Sync
Event: 2.767 Loading class java/util/concurrent/CountDownLatch$Sync done
Event: 2.769 Loading class jdk/internal/event/ThreadSleepEvent
Event: 2.769 Loading class jdk/internal/event/ThreadSleepEvent done
Event: 2.770 Loading class java/math/MathContext
Event: 2.770 Loading class java/math/MathContext done
Event: 2.770 Loading class java/math/BigDecimal
Event: 2.771 Loading class java/math/BigDecimal done
Event: 3.811 Loading class java/lang/management/MemoryType
Event: 3.812 Loading class java/lang/management/MemoryType done
Event: 3.812 Loading class java/lang/management/MemoryUsage
Event: 3.812 Loading class java/lang/management/MemoryUsage done
Event: 3.812 Loading class java/util/concurrent/LinkedBlockingDeque$Node
Event: 3.813 Loading class java/util/concurrent/LinkedBlockingDeque$Node done
Event: 3.814 Loading class sun/reflect/generics/tree/VoidDescriptor
Event: 3.814 Loading class sun/reflect/generics/tree/VoidDescriptor done

Classes unloaded (0 events):
No events

Classes redefined (0 events):
No events

Internal exceptions (20 events):
Event: 0.954 Thread 0x00000223ccb2bc70 Exception <a 'java/lang/NoSuchMethodError'{0x000000008e821068}: 'int java.lang.invoke.DirectMethodHandle$Holder.invokeStaticInit(java.lang.Object)'> (0x000000008e821068) 
thrown [s\src\hotspot\share\interpreter\linkResolver.cpp, line 784]
Event: 1.178 Thread 0x00000223ccb2bc70 Exception <a 'java/lang/NoSuchMethodError'{0x000000008e101da0}: 'java.lang.Object java.lang.invoke.DirectMethodHandle$Holder.invokeVirtual(java.lang.Object, java.lang.Object, java.lang.Object, java.lang.Object)'> (0x000000008e101da0) 
thrown [s\src\hotspot\share\interpreter\linkResolver.cpp, line 784]
Event: 1.841 Thread 0x00000223ccb2bc70 Exception <a 'java/lang/NoSuchMethodError'{0x000000008cfa6630}: 'void java.lang.invoke.DirectMethodHandle$Holder.invokeVirtual(java.lang.Object, java.lang.Object, java.lang.Object, java.lang.Object)'> (0x000000008cfa6630) 
thrown [s\src\hotspot\share\interpreter\linkResolver.cpp, line 784]
Event: 1.842 Thread 0x00000223ccb2bc70 Exception <a 'java/lang/NoSuchMethodError'{0x000000008cfaa3a0}: 'void java.lang.invoke.DirectMethodHandle$Holder.invokeSpecial(java.lang.Object, java.lang.Object, java.lang.Object, java.lang.Object, java.lang.Object)'> (0x000000008cfaa3a0) 
thrown [s\src\hotspot\share\interpreter\linkResolver.cpp, line 784]
Event: 2.039 Thread 0x00000223ccb2bc70 Exception <a 'java/lang/NoSuchMethodError'{0x000000008c3ac520}: 'int java.lang.invoke.DelegatingMethodHandle$Holder.reinvoke_L(java.lang.Object)'> (0x000000008c3ac520) 
thrown [s\src\hotspot\share\interpreter\linkResolver.cpp, line 784]
Event: 2.145 Thread 0x00000223ccb2bc70 Exception <a 'java/lang/NoSuchMethodError'{0x000000008c06fca8}: 'java.lang.Object java.lang.invoke.DirectMethodHandle$Holder.invokeVirtual(java.lang.Object, java.lang.Object, java.lang.Object, java.lang.Object, java.lang.Object, java.lang.Object)'> (0x000000008c06fca8) 
thrown [s\src\hotspot\share\interpreter\linkResolver.cpp, line 784]
Event: 2.212 Thread 0x00000223ccb2bc70 Exception <a 'java/lang/NoSuchMethodError'{0x000000008f306478}: 'java.lang.Object java.lang.invoke.DirectMethodHandle$Holder.invokeVirtual(java.lang.Object, java.lang.Object, java.lang.Object, java.lang.Object, java.lang.Object)'> (0x000000008f306478) 
thrown [s\src\hotspot\share\interpreter\linkResolver.cpp, line 784]
Event: 2.214 Thread 0x00000223ccb2bc70 Exception <a 'java/lang/NoSuchMethodError'{0x000000008f319668}: 'java.lang.Object java.lang.invoke.Invokers$Holder.invokeExact_MT(java.lang.Object, java.lang.Object, java.lang.Object, java.lang.Object, java.lang.Object, java.lang.Object)'> (0x000000008f319668) 
thrown [s\src\hotspot\share\interpreter\linkResolver.cpp, line 784]
Event: 2.233 Thread 0x00000223ccb2bc70 Exception <a 'java/lang/NoSuchMethodError'{0x000000008f21e8e8}: 'java.lang.Object java.lang.invoke.DelegatingMethodHandle$Holder.reinvoke_L(java.lang.Object, java.lang.Object, java.lang.Object, java.lang.Object, java.lang.Object, java.lang.Object, java.lang.Object, java.lang.Object, java.lang.Object, java.lang.Object, java.lang.Object, java.lang.Object, java.lang.Object, java.lang.Object)'> (0x000000008f21e8e8) 
thrown [s\src\hotspot\share\interpreter\linkResolver.cpp, line 784]
Event: 2.237 Thread 0x00000223ccb2bc70 Exception <a 'java/lang/NoSuchMethodError'{0x000000008f26b560}: 'java.lang.Object java.lang.invoke.DirectMethodHandle$Holder.invokeStatic(java.lang.Object, java.lang.Object, java.lang.Object, java.lang.Object, java.lang.Object, java.lang.Object, java.lang.Object, java.lang.Object, java.lang.Object, java.lang.Object, java.lang.Object, java.lang.Object, java.lang.Object)'> (0x000000008f26b560) 
thrown [s\src\hotspot\share\interpreter\linkResolver.cpp, line 784]
Event: 2.239 Thread 0x00000223ccb2bc70 Exception <a 'java/lang/NoSuchMethodError'{0x000000008f28add0}: 'java.lang.Object java.lang.invoke.DirectMethodHandle$Holder.invokeStatic(java.lang.Object, java.lang.Object, java.lang.Object, java.lang.Object, java.lang.Object, java.lang.Object, java.lang.Object, java.lang.Object, java.lang.Object, java.lang.Object, java.lang.Object, java.lang.Object, java.lang.Object, java.lang.Object)'> (0x000000008f28add0) 
thrown [s\src\hotspot\share\interpreter\linkResolver.cpp, line 784]
Event: 2.241 Thread 0x00000223ccb2bc70 Exception <a 'java/lang/NoSuchMethodError'{0x000000008f2ab748}: 'java.lang.Object java.lang.invoke.DirectMethodHandle$Holder.invokeStatic(java.lang.Object, java.lang.Object, java.lang.Object, java.lang.Object, java.lang.Object, java.lang.Object, java.lang.Object, java.lang.Object, java.lang.Object, java.lang.Object, java.lang.Object, java.lang.Object, java.lang.Object, java.lang.Object, java.lang.Object)'> (0x000000008f2ab748) 
thrown [s\src\hotspot\share\interpreter\linkResolver.cpp, line 784]
Event: 2.243 Thread 0x00000223ccb2bc70 Exception <a 'java/lang/NoSuchMethodError'{0x000000008f2ce318}: 'java.lang.Object java.lang.invoke.DirectMethodHandle$Holder.invokeStatic(java.lang.Object, java.lang.Object, java.lang.Object, java.lang.Object, java.lang.Object, java.lang.Object, java.lang.Object, java.lang.Object, java.lang.Object, java.lang.Object, java.lang.Object, java.lang.Object, java.lang.Object, java.lang.Object, java.lang.Object, java.lang.Object)'> (0x000000008f2ce318) 
thrown [s\src\hotspot\share\interpreter\linkResolver.cpp, lin
Event: 2.346 Thread 0x00000223ccb2bc70 Exception <a 'java/lang/NoSuchMethodError'{0x000000008efbaca8}: 'java.lang.Object java.lang.invoke.DirectMethodHandle$Holder.invokeVirtual(java.lang.Object, java.lang.Object, java.lang.Object, java.lang.Object, java.lang.Object, java.lang.Object, java.lang.Object)'> (0x000000008efbaca8) 
thrown [s\src\hotspot\share\interpreter\linkResolver.cpp, line 784]
Event: 2.357 Thread 0x00000223ccb2bc70 Exception <a 'java/lang/NoSuchMethodError'{0x000000008ee4a460}: 'java.lang.Object java.lang.invoke.DirectMethodHandle$Holder.invokeVirtual(java.lang.Object, java.lang.Object, java.lang.Object, java.lang.Object, java.lang.Object, java.lang.Object, java.lang.Object, java.lang.Object, java.lang.Object)'> (0x000000008ee4a460) 
thrown [s\src\hotspot\share\interpreter\linkResolver.cpp, line 784]
Event: 2.444 Thread 0x00000223ccb2bc70 Exception <a 'java/lang/NoSuchMethodError'{0x000000008ec2c360}: 'java.lang.Object java.lang.invoke.DirectMethodHandle$Holder.invokeStaticInit(java.lang.Object, java.lang.Object, int, int, int, int)'> (0x000000008ec2c360) 
thrown [s\src\hotspot\share\interpreter\linkResolver.cpp, line 784]
Event: 2.566 Thread 0x00000223ccb2bc70 Exception <a 'java/io/IOException'{0x000000008e92f6b8}> (0x000000008e92f6b8) 
thrown [s\src\hotspot\share\prims\jni.cpp, line 537]
Event: 2.577 Thread 0x00000223ccb2bc70 Implicit null exception at 0x00000223d77a49a4 to 0x00000223d77a4ff8
Event: 2.581 Thread 0x00000223ccb2bc70 Exception <a 'java/lang/NoSuchMethodError'{0x000000008e99d648}: 'java.lang.Object java.lang.invoke.DirectMethodHandle$Holder.newInvokeSpecial(java.lang.Object, java.lang.Object, java.lang.Object, java.lang.Object, java.lang.Object)'> (0x000000008e99d648) 
thrown [s\src\hotspot\share\interpreter\linkResolver.cpp, line 784]
Event: 2.749 Thread 0x00000223eaa01740 Exception <a 'java/lang/NoSuchMethodError'{0x000000008e6e60f8}: 'void java.lang.invoke.DirectMethodHandle$Holder.invokeSpecial(java.lang.Object, java.lang.Object, java.lang.Object)'> (0x000000008e6e60f8) 
thrown [s\src\hotspot\share\interpreter\linkResolver.cpp, line 784]

ZGC Phase Switch (0 events):
No events

VM Operations (20 events):
Event: 2.223 Executing VM operation: HandshakeAllThreads (Deoptimize) done
Event: 2.226 Executing VM operation: HandshakeAllThreads (Deoptimize)
Event: 2.226 Executing VM operation: HandshakeAllThreads (Deoptimize) done
Event: 2.226 Executing VM operation: HandshakeAllThreads (Deoptimize)
Event: 2.226 Executing VM operation: HandshakeAllThreads (Deoptimize) done
Event: 2.263 Executing VM operation: HandshakeAllThreads (Deoptimize)
Event: 2.263 Executing VM operation: HandshakeAllThreads (Deoptimize) done
Event: 2.327 Executing VM operation: HandshakeAllThreads (Deoptimize)
Event: 2.327 Executing VM operation: HandshakeAllThreads (Deoptimize) done
Event: 2.345 Executing VM operation: HandshakeAllThreads (Deoptimize)
Event: 2.345 Executing VM operation: HandshakeAllThreads (Deoptimize) done
Event: 2.377 Executing VM operation: HandshakeAllThreads (Deoptimize)
Event: 2.377 Executing VM operation: HandshakeAllThreads (Deoptimize) done
Event: 2.424 Executing VM operation: HandshakeAllThreads (Deoptimize)
Event: 2.424 Executing VM operation: HandshakeAllThreads (Deoptimize) done
Event: 2.602 Executing VM operation: HandshakeAllThreads (Deoptimize)
Event: 2.602 Executing VM operation: HandshakeAllThreads (Deoptimize) done
Event: 3.609 Executing VM operation: Cleanup
Event: 3.811 Executing VM operation: Cleanup done
Event: 4.825 Executing VM operation: Cleanup

Memory protections (0 events):
No events

Nmethod flushes (0 events):
No events

Events (20 events):
Event: 0.179 Thread 0x00000223ccb2bc70 Thread added: 0x00000223e9041880
Event: 0.433 Thread 0x00000223e47c2a60 Thread added: 0x00000223e9150420
Event: 0.438 Thread 0x00000223e47b8e90 Thread added: 0x00000223e9041060
Event: 0.442 Loaded shared library A:\Android Studio\jbr\bin\jimage.dll
Event: 0.827 Loaded shared library C:\Users\lucas\.gradle\native\1def1411415f61bf3af743bc5b6707747c0891f09f0c88961ee8f79bc544acac\windows-amd64\native-platform.dll
Event: 0.842 Loaded shared library C:\Users\lucas\.gradle\native\0.2.7\x86_64-windows-gnu\gradle-fileevents.dll
Event: 1.527 Thread 0x00000223e9041060 Thread exited: 0x00000223e9041060
Event: 2.174 Loaded shared library A:\Android Studio\jbr\bin\management.dll
Event: 2.179 Loaded shared library A:\Android Studio\jbr\bin\management_ext.dll
Event: 2.227 Thread 0x00000223ccb2bc70 Thread added: 0x00000223e9e7a620
Event: 2.331 Loaded shared library A:\Android Studio\jbr\bin\extnet.dll
Event: 2.458 Thread 0x00000223ccb2bc70 Thread added: 0x00000223eaa2ed50
Event: 2.590 Thread 0x00000223ccb2bc70 Thread added: 0x00000223e47e2150
Event: 2.658 Thread 0x00000223eaa2ed50 Thread added: 0x00000223eaa01740
Event: 2.664 Thread 0x00000223eaa01740 Thread added: 0x00000223eabc3f70
Event: 2.739 Thread 0x00000223eaa01740 Thread added: 0x00000223eac4f620
Event: 2.750 Thread 0x00000223eaa01740 Thread added: 0x00000223eabe5af0
Event: 2.769 Thread 0x00000223eabe5af0 Thread added: 0x00000223eab4f150
Event: 2.775 Thread 0x00000223eabe5af0 Thread added: 0x00000223eab4c9f0
Event: 2.778 Thread 0x00000223eabe5af0 Thread added: 0x00000223eab4e430


Dynamic libraries:
0x00007ff6e9df0000 - 0x00007ff6e9dfa000 	A:\Android Studio\jbr\bin\java.exe
0x00007fff214e0000 - 0x00007fff21747000 	C:\WINDOWS\SYSTEM32\ntdll.dll
0x00007fff20610000 - 0x00007fff206d9000 	C:\WINDOWS\System32\KERNEL32.DLL
0x00007fff1e050000 - 0x00007fff1e444000 	C:\WINDOWS\System32\KERNELBASE.dll
0x00007fff1e690000 - 0x00007fff1e7db000 	C:\WINDOWS\System32\ucrtbase.dll
0x00007fff021c0000 - 0x00007fff021d8000 	A:\Android Studio\jbr\bin\jli.dll
0x00007fff007f0000 - 0x00007fff0080b000 	A:\Android Studio\jbr\bin\VCRUNTIME140.dll
0x00007fff20720000 - 0x00007fff208e5000 	C:\WINDOWS\System32\USER32.dll
0x00007fff1de40000 - 0x00007fff1de67000 	C:\WINDOWS\System32\win32u.dll
0x00007fff0a5d0000 - 0x00007fff0a863000 	C:\WINDOWS\WinSxS\amd64_microsoft.windows.common-controls_6595b64144ccf1df_6.0.26100.8115_none_3e075c82e3354f9c\COMCTL32.dll
0x00007fff21250000 - 0x00007fff2127b000 	C:\WINDOWS\System32\GDI32.dll
0x00007fff202c0000 - 0x00007fff20369000 	C:\WINDOWS\System32\msvcrt.dll
0x00007fff1de70000 - 0x00007fff1df9b000 	C:\WINDOWS\System32\gdi32full.dll
0x00007fff1e7e0000 - 0x00007fff1e883000 	C:\WINDOWS\System32\msvcp_win.dll
0x00007fff206e0000 - 0x00007fff20712000 	C:\WINDOWS\System32\IMM32.DLL
0x00007fff026e0000 - 0x00007fff026ec000 	A:\Android Studio\jbr\bin\vcruntime140_1.dll
0x00007ffefee20000 - 0x00007ffefeead000 	A:\Android Studio\jbr\bin\msvcp140.dll
0x00007ffea8eb0000 - 0x00007ffea9b3e000 	A:\Android Studio\jbr\bin\server\jvm.dll
0x00007fff20370000 - 0x00007fff20426000 	C:\WINDOWS\System32\ADVAPI32.dll
0x00007fff1fa00000 - 0x00007fff1faa7000 	C:\WINDOWS\System32\sechost.dll
0x00007fff1f8e0000 - 0x00007fff1f9f8000 	C:\WINDOWS\System32\RPCRT4.dll
0x00007fff211b0000 - 0x00007fff21230000 	C:\WINDOWS\System32\WS2_32.dll
0x00007fff1dc10000 - 0x00007fff1dc6e000 	C:\WINDOWS\SYSTEM32\POWRPROF.dll
0x00007fff15df0000 - 0x00007fff15dfb000 	C:\WINDOWS\SYSTEM32\VERSION.dll
0x00007fff15980000 - 0x00007fff159b6000 	C:\WINDOWS\SYSTEM32\WINMM.dll
0x00007fff1dbf0000 - 0x00007fff1dc04000 	C:\WINDOWS\SYSTEM32\UMPDC.dll
0x00007fff1cb00000 - 0x00007fff1cb1b000 	C:\WINDOWS\SYSTEM32\kernel.appcore.dll
0x00007fff00020000 - 0x00007fff0002a000 	A:\Android Studio\jbr\bin\jimage.dll
0x00007fff1bd90000 - 0x00007fff1bfd2000 	C:\WINDOWS\SYSTEM32\DBGHELP.DLL
0x00007fff1fc30000 - 0x00007fff1ffb2000 	C:\WINDOWS\System32\combase.dll
0x00007fff20160000 - 0x00007fff20238000 	C:\WINDOWS\System32\OLEAUT32.dll
0x00007ffeffbe0000 - 0x00007ffeffc1b000 	C:\WINDOWS\SYSTEM32\dbgcore.DLL
0x00007fff1dfa0000 - 0x00007fff1e045000 	C:\WINDOWS\System32\bcryptPrimitives.dll
0x00007fff18ff0000 - 0x00007fff18ffe000 	A:\Android Studio\jbr\bin\instrument.dll
0x00007ffefdb60000 - 0x00007ffefdb80000 	A:\Android Studio\jbr\bin\java.dll
0x00007ffefdb40000 - 0x00007ffefdb58000 	A:\Android Studio\jbr\bin\zip.dll
0x00007fff20980000 - 0x00007fff210e7000 	C:\WINDOWS\System32\SHELL32.dll
0x00007fff1e890000 - 0x00007fff1e9fa000 	C:\WINDOWS\System32\wintypes.dll
0x00007fff1ea00000 - 0x00007fff1f268000 	C:\WINDOWS\System32\windows.storage.dll
0x00007fff1fab0000 - 0x00007fff1fba8000 	C:\WINDOWS\System32\SHCORE.dll
0x00007fff20910000 - 0x00007fff20976000 	C:\WINDOWS\System32\shlwapi.dll
0x00007fff1dcd0000 - 0x00007fff1dcf9000 	C:\WINDOWS\SYSTEM32\profapi.dll
0x00007ffefe830000 - 0x00007ffefe840000 	A:\Android Studio\jbr\bin\net.dll
0x00007fff16730000 - 0x00007fff1685d000 	C:\WINDOWS\SYSTEM32\WINHTTP.dll
0x00007fff1d050000 - 0x00007fff1d0bc000 	C:\WINDOWS\system32\mswsock.dll
0x00007ffefdb20000 - 0x00007ffefdb36000 	A:\Android Studio\jbr\bin\nio.dll
0x00007ffefb8a0000 - 0x00007ffefb8b0000 	A:\Android Studio\jbr\bin\verify.dll
0x00007fff00880000 - 0x00007fff008a7000 	C:\Users\lucas\.gradle\native\1def1411415f61bf3af743bc5b6707747c0891f09f0c88961ee8f79bc544acac\windows-amd64\native-platform.dll
0x00007ffe9bf00000 - 0x00007ffe9bf78000 	C:\Users\lucas\.gradle\native\0.2.7\x86_64-windows-gnu\gradle-fileevents.dll
0x00007ffefdab0000 - 0x00007ffefdab9000 	A:\Android Studio\jbr\bin\management.dll
0x00007ffefd860000 - 0x00007ffefd86b000 	A:\Android Studio\jbr\bin\management_ext.dll
0x00007fff21390000 - 0x00007fff21398000 	C:\WINDOWS\System32\PSAPI.DLL
0x00007fff1c4e0000 - 0x00007fff1c512000 	C:\WINDOWS\SYSTEM32\IPHLPAPI.DLL
0x00007fff213a0000 - 0x00007fff213aa000 	C:\WINDOWS\System32\NSI.dll
0x00007ffefdac0000 - 0x00007ffefdac9000 	A:\Android Studio\jbr\bin\extnet.dll
0x00007fff1d450000 - 0x00007fff1d46b000 	C:\WINDOWS\SYSTEM32\CRYPTSP.dll
0x00007fff1ca60000 - 0x00007fff1ca99000 	C:\WINDOWS\system32\rsaenh.dll
0x00007fff1d100000 - 0x00007fff1d133000 	C:\WINDOWS\SYSTEM32\USERENV.dll
0x00007fff1dca0000 - 0x00007fff1dcca000 	C:\WINDOWS\SYSTEM32\bcrypt.dll
0x00007fff1d2b0000 - 0x00007fff1d2bc000 	C:\WINDOWS\SYSTEM32\CRYPTBASE.dll
0x00007fff090b0000 - 0x00007fff090b8000 	C:\WINDOWS\system32\wshunix.dll

dbghelp: loaded successfully - version: 4.0.5 - missing functions: none
symbol engine: initialized successfully - sym options: 0x614 - pdb path: .;A:\Android Studio\jbr\bin;C:\WINDOWS\SYSTEM32;C:\WINDOWS\WinSxS\amd64_microsoft.windows.common-controls_6595b64144ccf1df_6.0.26100.8115_none_3e075c82e3354f9c;A:\Android Studio\jbr\bin\server;C:\Users\lucas\.gradle\native\1def1411415f61bf3af743bc5b6707747c0891f09f0c88961ee8f79bc544acac\windows-amd64;C:\Users\lucas\.gradle\native\0.2.7\x86_64-windows-gnu

VM Arguments:
jvm_args: --add-opens=java.base/java.lang=ALL-UNNAMED --add-opens=java.base/java.lang.invoke=ALL-UNNAMED --add-opens=java.base/java.util=ALL-UNNAMED --add-opens=java.prefs/java.util.prefs=ALL-UNNAMED --add-exports=jdk.compiler/com.sun.tools.javac.api=ALL-UNNAMED --add-exports=jdk.compiler/com.sun.tools.javac.util=ALL-UNNAMED --add-opens=java.base/java.util=ALL-UNNAMED --add-opens=java.prefs/java.util.prefs=ALL-UNNAMED --add-opens=java.base/java.nio.charset=ALL-UNNAMED --add-opens=java.base/java.net=ALL-UNNAMED --add-opens=java.base/java.util.concurrent.atomic=ALL-UNNAMED --add-opens=java.xml/javax.xml.namespace=ALL-UNNAMED -Xmx2048m -Dfile.encoding=UTF-8 -Duser.country=US -Duser.language=en -Duser.variant -javaagent:C:\Users\lucas\.gradle\wrapper\dists\gradle-8.13-bin\5xuhj0ry160q40clulazy9h7d\gradle-8.13\lib\agents\gradle-instrumentation-agent-8.13.jar 
java_command: org.gradle.launcher.daemon.bootstrap.GradleDaemon 8.13
java_class_path (initial): C:\Users\lucas\.gradle\wrapper\dists\gradle-8.13-bin\5xuhj0ry160q40clulazy9h7d\gradle-8.13\lib\gradle-daemon-main-8.13.jar
Launcher Type: SUN_STANDARD

[Global flags]
     intx CICompilerCount                          = 4                                         {product} {ergonomic}
     uint ConcGCThreads                            = 3                                         {product} {ergonomic}
     uint G1ConcRefinementThreads                  = 10                                        {product} {ergonomic}
   size_t G1HeapRegionSize                         = 1048576                                   {product} {ergonomic}
    uintx GCDrainStackTargetSize                   = 64                                        {product} {ergonomic}
   size_t InitialHeapSize                          = 255852544                                 {product} {ergonomic}
   size_t MarkStackSize                            = 4194304                                   {product} {ergonomic}
   size_t MaxHeapSize                              = 2147483648                                {product} {command line}
   size_t MaxNewSize                               = 1287651328                                {product} {ergonomic}
   size_t MinHeapDeltaBytes                        = 1048576                                   {product} {ergonomic}
   size_t MinHeapSize                              = 8388608                                   {product} {ergonomic}
    uintx NonNMethodCodeHeapSize                   = 5839372                                {pd product} {ergonomic}
    uintx NonProfiledCodeHeapSize                  = 122909434                              {pd product} {ergonomic}
    uintx ProfiledCodeHeapSize                     = 122909434                              {pd product} {ergonomic}
    uintx ReservedCodeCacheSize                    = 251658240                              {pd product} {ergonomic}
     bool SegmentedCodeCache                       = true                                      {product} {ergonomic}
   size_t SoftMaxHeapSize                          = 2147483648                             {manageable} {ergonomic}
     bool UseCompressedOops                        = true                           {product lp64_product} {ergonomic}
     bool UseG1GC                                  = true                                      {product} {ergonomic}
     bool UseLargePagesIndividualAllocation        = false                                  {pd product} {ergonomic}

Logging:
Log output configuration:
 #0: stdout all=warning uptime,level,tags foldmultilines=false
 #1: stderr all=off uptime,level,tags foldmultilines=false

Environment Variables:
PATH=C:\WINDOWS\system32;C:\WINDOWS;C:\WINDOWS\System32\Wbem;C:\WINDOWS\System32\WindowsPowerShell\v1.0\;C:\WINDOWS\System32\OpenSSH\;C:\Program Files\Microsoft SQL Server\150\Tools\Binn\;C:\Program Files\Git\cmd;C:\Program Files\nodejs\;C:\Program Files\PuTTY\;C:\Program Files (x86)\Bitvise SSH Client;C:\Users\lucas\AppData\Local\Programs\Python\Launcher\;C:\Users\lucas\AppData\Local\Microsoft\WindowsApps;A:\Programe\Visual Studio\bin;A:\Programe\MSYS2\ucrt64\bin;A:\Programe\PortableGit\bin;C:\Users\lucas\.jdks\openjdk-23.0.2\bin;C:\Users\lucas\AppData\Roaming\npm;C:\Program Files\JetBrains\PyCharm 2025.3.2\bin;C:\Program Files\JetBrains\IntelliJ IDEA 2025.3.2\bin;C:\Users\lucas\.local\bin;
USERNAME=lucas
OS=Windows_NT
PROCESSOR_IDENTIFIER=AMD64 Family 23 Model 96 Stepping 1, AuthenticAMD
TMP=C:\Users\lucas\AppData\Local\Temp
TEMP=C:\Users\lucas\AppData\Local\Temp




Periodic native trim disabled

JNI global refs:
JNI global refs: 24, weak refs: 0

JNI global refs memory usage: 835, weak refs: 833

Process memory usage:
Resident Set Size: 158308K (0% of 15965876K total physical memory with 1392296K free physical memory)

OOME stack traces (most recent first):
Classloader memory used:
Loader bootstrap                                                                       : 15185K
Loader org.gradle.internal.classloader.VisitableURLClassLoader                         : 5098K
Loader org.gradle.initialization.MixInLegacyTypesClassLoader                           : 278K
Loader jdk.internal.loader.ClassLoaders$AppClassLoader                                 : 235K
Loader jdk.internal.loader.ClassLoaders$PlatformClassLoader                            : 115K

Classes loaded by more than one classloader:
Class org.gradle.internal.classloader.FilteringClassLoader                            : loaded 2 times (x 103B)
Class org.gradle.internal.classloader.ClassLoaderHierarchy                            : loaded 2 times (x 68B)
Class org.gradle.api.internal.classpath.ManifestUtil                                  : loaded 2 times (x 69B)
Class org.gradle.internal.classloader.ClassLoaderVisitor                              : loaded 2 times (x 74B)
Class org.gradle.api.internal.classpath.EffectiveClassPath                            : loaded 2 times (x 88B)
Class org.gradle.api.internal.DefaultClassPathProvider                                : loaded 2 times (x 74B)
Class [Lorg.gradle.api.internal.ClassPathProvider;                                    : loaded 2 times (x 67B)
Class org.gradle.api.internal.ClassPathProvider                                       : loaded 2 times (x 68B)
Class org.gradle.internal.service.UnknownServiceException                             : loaded 2 times (x 81B)
Class org.gradle.internal.classpath.TransformedClassPath                              : loaded 2 times (x 94B)
Class org.gradle.internal.classloader.InstrumentingClassLoader                        : loaded 2 times (x 68B)
Class org.gradle.internal.service.ServiceLocator                                      : loaded 2 times (x 68B)
Class org.gradle.internal.InternalTransformer                                         : loaded 2 times (x 68B)
Class org.gradle.internal.classloader.ClasspathUtil$1                                 : loaded 2 times (x 74B)
Class org.gradle.api.internal.classpath.DefaultModuleRegistry$DefaultModule           : loaded 2 times (x 84B)
Class org.gradle.api.internal.classpath.Module                                        : loaded 2 times (x 68B)
Class org.gradle.api.internal.classpath.UnknownModuleException                        : loaded 2 times (x 80B)
Class org.gradle.api.internal.DefaultClassPathRegistry                                : loaded 2 times (x 74B)
Class org.gradle.api.internal.ClassPathRegistry                                       : loaded 2 times (x 68B)
Class org.gradle.internal.classpath.DefaultClassPath$ImmutableUniqueList              : loaded 2 times (x 197B)
Class org.gradle.internal.classpath.ClassPath                                         : loaded 2 times (x 68B)
Class org.gradle.api.UncheckedIOException                                             : loaded 2 times (x 80B)
Class org.gradle.internal.installation.GradleInstallation$1                           : loaded 2 times (x 73B)
Class org.gradle.api.internal.classpath.ModuleRegistry                                : loaded 2 times (x 68B)
Class org.gradle.api.internal.classpath.DefaultModuleRegistry                         : loaded 2 times (x 84B)
Class org.gradle.internal.service.ServiceLookupException                              : loaded 2 times (x 80B)
Class org.gradle.internal.classloader.ClassLoaderFactory                              : loaded 2 times (x 68B)
Class org.gradle.internal.service.CachingServiceLocator                               : loaded 2 times (x 80B)
Class org.gradle.internal.classloader.ClasspathUtil                                   : loaded 2 times (x 69B)
Class org.gradle.api.specs.Spec                                                       : loaded 2 times (x 68B)
Class org.gradle.internal.classloader.VisitableURLClassLoader$InstrumentingVisitableURLClassLoader: loaded 2 times (x 121B)
Class org.gradle.internal.classloader.VisitableURLClassLoader$Spec                    : loaded 2 times (x 72B)
Class org.gradle.internal.classpath.DefaultClassPath                                  : loaded 2 times (x 88B)
Class org.gradle.internal.classloader.ClassLoaderSpec                                 : loaded 2 times (x 69B)
Class org.gradle.internal.classloader.VisitableURLClassLoader                         : loaded 2 times (x 115B)
Class org.gradle.internal.Cast                                                        : loaded 2 times (x 69B)
Class org.gradle.api.Action                                                           : loaded 2 times (x 68B)
Class org.gradle.internal.classpath.DefaultClassPath$ImmutableUniqueList$Builder      : loaded 2 times (x 73B)
Class org.gradle.api.GradleException                                                  : loaded 2 times (x 80B)
Class org.gradle.internal.IoActions                                                   : loaded 2 times (x 69B)
Class org.gradle.internal.classloader.SystemClassLoaderSpec                           : loaded 2 times (x 69B)
Class org.gradle.api.internal.classpath.GlobalCacheRootsProvider                      : loaded 2 times (x 68B)
Class org.gradle.internal.installation.CurrentGradleInstallationLocator               : loaded 2 times (x 69B)
Class org.gradle.internal.service.DefaultServiceLocator                               : loaded 2 times (x 81B)
Class org.gradle.internal.installation.CurrentGradleInstallation                      : loaded 2 times (x 71B)
Class org.gradle.util.internal.GUtil                                                  : loaded 2 times (x 69B)
Class org.gradle.internal.installation.GradleInstallation                             : loaded 2 times (x 73B)

---------------  S Y S T E M  ---------------

OS:
 Windows 11 , 64 bit Build 26100 (10.0.26100.8246)
OS uptime: 1 days 1:30 hours
Hyper-V role detected

CPU: total 12 (initial active 12) (12 cores per cpu, 2 threads per core) family 23 model 96 stepping 1 microcode 0x8600109, cx8, cmov, fxsr, ht, mmx, 3dnowpref, sse, sse2, sse3, ssse3, sse4a, sse4.1, sse4.2, popcnt, lzcnt, tsc, tscinvbit, avx, avx2, aes, clmul, bmi1, bmi2, adx, sha, fma, vzeroupper, clflush, clflushopt, hv, rdtscp, rdpid, f16c
Processor Information for the first 12 processors :
  Max Mhz: 2100, Current Mhz: 2100, Mhz Limit: 2100

Memory: 4k page, system-wide physical 15591M (1358M free)
TotalPageFile size 38953M (AvailPageFile size 56M)
current process WorkingSet (physical memory assigned to process): 154M, peak: 155M
current process commit charge ("private bytes"): 374M, peak: 376M

vm_info: OpenJDK 64-Bit Server VM (21.0.7+-13880790-b1038.58) for windows-amd64 JRE (21.0.7+-13880790-b1038.58), built on 2025-08-04T20:56:21Z by "builder" with MS VC++ 16.10 / 16.11 (VS2019)

END.
